Jan 29 08:40:27 cu-cs-vm rsyslogd: [origin software="rsyslogd" swVersion="8.16.0" x-pid="661" x-info="http://www.rsyslog.com"] rsyslogd was HUPed
Jan 29 08:40:32 cu-cs-vm anacron[695]: Job `cron.daily' terminated
Jan 29 08:40:32 cu-cs-vm anacron[695]: Normal exit (1 job run)
Jan 29 08:45:26 cu-cs-vm uptimed: moving up to position 5: 0 days, 00:10:18
Jan 29 08:50:10 cu-cs-vm systemd[1]: Starting Cleanup of Temporary Directories...
Jan 29 08:50:10 cu-cs-vm systemd-tmpfiles[10332]: [/usr/lib/tmpfiles.d/var.conf:14] Duplicate line for path "/var/log", ignoring.
Jan 29 08:50:10 cu-cs-vm systemd[1]: Started Cleanup of Temporary Directories.
Jan 29 09:05:26 cu-cs-vm uptimed: moving up to position 4: 0 days, 00:30:18
Jan 29 09:17:01 cu-cs-vm CRON[22431]: (root) CMD (   cd / && run-parts --report /etc/cron.hourly)
Jan 29 09:26:25 cu-cs-vm kernel: [ 3076.097474] e1000: enp0s17 NIC Link is Down
Jan 29 09:26:25 cu-cs-vm NetworkManager[709]: <info>  [1548779185.3874] device (enp0s17): link disconnected (deferring action for 4 seconds)
Jan 29 09:26:29 cu-cs-vm NetworkManager[709]: <info>  [1548779189.2947] device (enp0s17): link disconnected (calling deferred action)
Jan 29 09:26:29 cu-cs-vm NetworkManager[709]: <info>  [1548779189.2970] device (enp0s17): state change: activated -> unavailable (reason 'carrier-changed') [100 20 40]
Jan 29 09:26:29 cu-cs-vm NetworkManager[709]: <info>  [1548779189.3181] dhcp4 (enp0s17): canceled DHCP transaction, DHCP client pid 892
Jan 29 09:26:29 cu-cs-vm NetworkManager[709]: <info>  [1548779189.3184] dhcp4 (enp0s17): state changed bound -> done
Jan 29 09:26:29 cu-cs-vm avahi-daemon[659]: Withdrawing address record for 10.0.2.15 on enp0s17.
Jan 29 09:26:29 cu-cs-vm NetworkManager[709]: <info>  [1548779189.3555] dns-mgr: Writing DNS information to /sbin/resolvconf
Jan 29 09:26:29 cu-cs-vm avahi-daemon[659]: Leaving mDNS multicast group on interface enp0s17.IPv4 with address 10.0.2.15.
Jan 29 09:26:29 cu-cs-vm whoopsie[1103]: [09:26:29] Cannot reach: https://daisy.ubuntu.com
Jan 29 09:26:29 cu-cs-vm whoopsie[1103]: [09:26:29] offline
Jan 29 09:26:29 cu-cs-vm dnsmasq[905]: setting upstream servers from DBus
Jan 29 09:26:29 cu-cs-vm avahi-daemon[659]: Interface enp0s17.IPv4 no longer relevant for mDNS.
Jan 29 09:26:29 cu-cs-vm avahi-daemon[659]: Withdrawing address record for fe80::3e3e:89a5:c68:c9f2 on enp0s17.
Jan 29 09:26:29 cu-cs-vm avahi-daemon[659]: Leaving mDNS multicast group on interface enp0s17.IPv6 with address fe80::3e3e:89a5:c68:c9f2.
Jan 29 09:26:29 cu-cs-vm avahi-daemon[659]: Interface enp0s17.IPv6 no longer relevant for mDNS.
Jan 29 09:26:29 cu-cs-vm kernel: [ 3080.132461] e1000: enp0s17 NIC Link is Up 1000 Mbps Full Duplex, Flow Control: RX
Jan 29 09:26:29 cu-cs-vm NetworkManager[709]: <info>  [1548779189.4689] manager: NetworkManager state is now CONNECTED_LOCAL
Jan 29 09:26:29 cu-cs-vm NetworkManager[709]: <info>  [1548779189.4694] manager: NetworkManager state is now DISCONNECTED
Jan 29 09:26:29 cu-cs-vm dbus[699]: [system] Activating via systemd: service name='org.freedesktop.nm_dispatcher' unit='dbus-org.freedesktop.nm-dispatcher.service'
Jan 29 09:26:29 cu-cs-vm NetworkManager[709]: <info>  [1548779189.4780] device (enp0s17): link connected
Jan 29 09:26:29 cu-cs-vm NetworkManager[709]: <info>  [1548779189.4795] device (enp0s17): state change: unavailable -> disconnected (reason 'carrier-changed') [20 30 40]
Jan 29 09:26:29 cu-cs-vm whoopsie[1103]: [09:26:29] Cannot reach: https://daisy.ubuntu.com
Jan 29 09:26:29 cu-cs-vm whoopsie[1103]: [09:26:29] Cannot reach: https://daisy.ubuntu.com
Jan 29 09:26:29 cu-cs-vm systemd[1]: Starting Network Manager Script Dispatcher Service...
Jan 29 09:26:29 cu-cs-vm NetworkManager[709]: <info>  [1548779189.4837] policy: auto-activating connection 'Wired connection 1'
Jan 29 09:26:29 cu-cs-vm NetworkManager[709]: <info>  [1548779189.4861] device (enp0s17): Activation: starting connection 'Wired connection 1' (8e150785-c41e-307a-a765-6f019f146c38)
Jan 29 09:26:29 cu-cs-vm NetworkManager[709]: <info>  [1548779189.4862] device (enp0s17): state change: disconnected -> prepare (reason 'none') [30 40 0]
Jan 29 09:26:29 cu-cs-vm NetworkManager[709]: <info>  [1548779189.4864] manager: NetworkManager state is now CONNECTING
Jan 29 09:26:29 cu-cs-vm NetworkManager[709]: <info>  [1548779189.4922] device (enp0s17): state change: prepare -> config (reason 'none') [40 50 0]
Jan 29 09:26:29 cu-cs-vm NetworkManager[709]: <info>  [1548779189.4929] device (enp0s17): state change: config -> ip-config (reason 'none') [50 70 0]
Jan 29 09:26:29 cu-cs-vm NetworkManager[709]: <info>  [1548779189.4946] dhcp4 (enp0s17): activation: beginning transaction (timeout in 45 seconds)
Jan 29 09:26:29 cu-cs-vm dbus[699]: [system] Successfully activated service 'org.freedesktop.nm_dispatcher'
Jan 29 09:26:29 cu-cs-vm systemd[1]: Started Network Manager Script Dispatcher Service.
Jan 29 09:26:29 cu-cs-vm nm-dispatcher: req:1 'down' [enp0s17]: new request (1 scripts)
Jan 29 09:26:29 cu-cs-vm nm-dispatcher: req:1 'down' [enp0s17]: start running ordered scripts...
Jan 29 09:26:29 cu-cs-vm NetworkManager[709]: <info>  [1548779189.5424] dhcp4 (enp0s17): dhclient started with pid 31661
Jan 29 09:26:29 cu-cs-vm whoopsie[1103]: [09:26:29] Cannot reach: https://daisy.ubuntu.com
Jan 29 09:26:29 cu-cs-vm whoopsie[1103]: message repeated 2 times: [ [09:26:29] Cannot reach: https://daisy.ubuntu.com]
Jan 29 09:26:29 cu-cs-vm dhclient[31661]: DHCPREQUEST of 10.0.2.15 on enp0s17 to 255.255.255.255 port 67 (xid=0x6c86ddb7)
Jan 29 09:26:29 cu-cs-vm dhclient[31661]: DHCPACK of 10.0.2.15 from 10.0.2.2
Jan 29 09:26:29 cu-cs-vm NetworkManager[709]: <info>  [1548779189.6106]   address 10.0.2.15
Jan 29 09:26:29 cu-cs-vm NetworkManager[709]: <info>  [1548779189.6106]   plen 24 (255.255.255.0)
Jan 29 09:26:29 cu-cs-vm NetworkManager[709]: <info>  [1548779189.6106]   gateway 10.0.2.2
Jan 29 09:26:29 cu-cs-vm NetworkManager[709]: <info>  [1548779189.6106]   server identifier 10.0.2.2
Jan 29 09:26:29 cu-cs-vm NetworkManager[709]: <info>  [1548779189.6106]   lease time 86400
Jan 29 09:26:29 cu-cs-vm NetworkManager[709]: <info>  [1548779189.6106]   nameserver '192.168.43.1'
Jan 29 09:26:29 cu-cs-vm NetworkManager[709]: <info>  [1548779189.6106] dhcp4 (enp0s17): state changed unknown -> bound
Jan 29 09:26:29 cu-cs-vm avahi-daemon[659]: Joining mDNS multicast group on interface enp0s17.IPv4 with address 10.0.2.15.
Jan 29 09:26:29 cu-cs-vm avahi-daemon[659]: New relevant interface enp0s17.IPv4 for mDNS.
Jan 29 09:26:29 cu-cs-vm avahi-daemon[659]: Registering new address record for 10.0.2.15 on enp0s17.IPv4.
Jan 29 09:26:29 cu-cs-vm NetworkManager[709]: <info>  [1548779189.6125] device (enp0s17): state change: ip-config -> ip-check (reason 'none') [70 80 0]
Jan 29 09:26:29 cu-cs-vm whoopsie[1103]: [09:26:29] Cannot reach: https://daisy.ubuntu.com
Jan 29 09:26:29 cu-cs-vm NetworkManager[709]: <info>  [1548779189.6129] device (enp0s17): state change: ip-check -> secondaries (reason 'none') [80 90 0]
Jan 29 09:26:29 cu-cs-vm NetworkManager[709]: <info>  [1548779189.6132] device (enp0s17): state change: secondaries -> activated (reason 'none') [90 100 0]
Jan 29 09:26:29 cu-cs-vm NetworkManager[709]: <info>  [1548779189.6134] manager: NetworkManager state is now CONNECTED_LOCAL
Jan 29 09:26:29 cu-cs-vm whoopsie[1103]: [09:26:29] Cannot reach: https://daisy.ubuntu.com
Jan 29 09:26:29 cu-cs-vm NetworkManager[709]: <info>  [1548779189.6168] manager: NetworkManager state is now CONNECTED_GLOBAL
Jan 29 09:26:29 cu-cs-vm NetworkManager[709]: <info>  [1548779189.6169] policy: set 'Wired connection 1' (enp0s17) as default for IPv4 routing and DNS
Jan 29 09:26:29 cu-cs-vm NetworkManager[709]: <info>  [1548779189.6169] dns-mgr: Writing DNS information to /sbin/resolvconf
Jan 29 09:26:29 cu-cs-vm dhclient[31661]: bound to 10.0.2.15 -- renewal in 39255 seconds.
Jan 29 09:26:29 cu-cs-vm dnsmasq[905]: setting upstream servers from DBus
Jan 29 09:26:29 cu-cs-vm dnsmasq[905]: using nameserver 192.168.43.1#53(via enp0s17)
Jan 29 09:26:29 cu-cs-vm NetworkManager[709]: <info>  [1548779189.6215] device (enp0s17): Activation: successful, device activated.
Jan 29 09:26:29 cu-cs-vm nm-dispatcher: req:2 'up' [enp0s17]: new request (1 scripts)
Jan 29 09:26:29 cu-cs-vm nm-dispatcher: req:2 'up' [enp0s17]: start running ordered scripts...
Jan 29 09:26:29 cu-cs-vm whoopsie[1103]: [09:26:29] The default IPv4 route is: /org/freedesktop/NetworkManager/ActiveConnection/1
Jan 29 09:26:29 cu-cs-vm whoopsie[1103]: [09:26:29] Not a paid data plan: /org/freedesktop/NetworkManager/ActiveConnection/1
Jan 29 09:26:29 cu-cs-vm whoopsie[1103]: [09:26:29] Found usable connection: /org/freedesktop/NetworkManager/ActiveConnection/1
Jan 29 09:26:29 cu-cs-vm whoopsie[1103]: [09:26:29] online
Jan 29 09:26:30 cu-cs-vm systemd[1]: Reloading OpenBSD Secure Shell server.
Jan 29 09:26:30 cu-cs-vm systemd[1]: Reloaded OpenBSD Secure Shell server.
Jan 29 09:26:30 cu-cs-vm systemd[1]: Reloading OpenBSD Secure Shell server.
Jan 29 09:26:30 cu-cs-vm systemd[1]: Reloaded OpenBSD Secure Shell server.
Jan 29 09:26:30 cu-cs-vm avahi-daemon[659]: Joining mDNS multicast group on interface enp0s17.IPv6 with address fe80::3e3e:89a5:c68:c9f2.
Jan 29 09:26:30 cu-cs-vm avahi-daemon[659]: New relevant interface enp0s17.IPv6 for mDNS.
Jan 29 09:26:30 cu-cs-vm avahi-daemon[659]: Registering new address record for fe80::3e3e:89a5:c68:c9f2 on enp0s17.*.
Jan 29 10:05:26 cu-cs-vm uptimed: moving up to position 3: 0 days, 01:30:18
Jan 29 10:17:01 cu-cs-vm CRON[31930]: (root) CMD (   cd / && run-parts --report /etc/cron.hourly)
Jan 29 04:49:42 cu-cs-vm rsyslogd: [origin software="rsyslogd" swVersion="8.16.0" x-pid="749" x-info="http://www.rsyslog.com"] start
Jan 29 04:49:42 cu-cs-vm rsyslogd-2222: command 'KLogPermitNonKernelFacility' is currently not permitted - did you already set it via a RainerScript command (v6+ config)? [v8.16.0 try http://www.rsyslog.com/e/2222 ]
Jan 29 04:49:42 cu-cs-vm rsyslogd: rsyslogd's groupid changed to 108
Jan 29 04:49:42 cu-cs-vm rsyslogd: rsyslogd's userid changed to 104
Jan 29 04:49:42 cu-cs-vm systemd[1]: Mounted Debug File System.
Jan 29 04:49:42 cu-cs-vm systemd[1]: Mounted Huge Pages File System.
Jan 29 04:49:42 cu-cs-vm systemd[1]: Mounted POSIX Message Queue File System.
Jan 29 04:49:42 cu-cs-vm systemd-modules-load[306]: Inserted module 'lp'
Jan 29 04:49:42 cu-cs-vm systemd[1]: Started Nameserver information manager.
Jan 29 04:49:42 cu-cs-vm systemd[1]: Started Create list of required static device nodes for the current kernel.
Jan 29 04:49:42 cu-cs-vm systemd-modules-load[306]: Inserted module 'ppdev'
Jan 29 04:49:42 cu-cs-vm systemd-modules-load[306]: Inserted module 'parport_pc'
Jan 29 04:49:42 cu-cs-vm systemd-modules-load[306]: Module 'fuse' is builtin
Jan 29 04:49:42 cu-cs-vm systemd[1]: Started Load Kernel Modules.
Jan 29 04:49:42 cu-cs-vm systemd[1]: Mounting FUSE Control File System...
Jan 29 04:49:42 cu-cs-vm systemd[1]: Mounting Configuration File System...
Jan 29 04:49:42 cu-cs-vm systemd[1]: Starting Apply Kernel Variables...
Jan 29 04:49:42 cu-cs-vm kernel: [    0.000000] Linux version 4.15.18revision1 (root@cu-cs-vm) (gcc version 5.4.0 20160609 (Ubuntu 5.4.0-6ubuntu1~16.04.10)) #2 SMP Mon Jan 28 22:21:27 MST 2019 (Ubuntu 4.15.0-33.36~16.04.1-generic 4.15.18)
Jan 29 04:49:42 cu-cs-vm systemd[1]: Starting Create Static Device Nodes in /dev...
Jan 29 04:49:42 cu-cs-vm kernel: [    0.000000] Command line: BOOT_IMAGE=/boot/vmlinuz-4.15.18revision1 root=UUID=a7adc8c1-e02a-478b-93ad-c06e060e0176 ro
Jan 29 04:49:42 cu-cs-vm kernel: [    0.000000] KERNEL supported cpus:
Jan 29 04:49:42 cu-cs-vm kernel: [    0.000000]   Intel GenuineIntel
Jan 29 04:49:42 cu-cs-vm kernel: [    0.000000]   AMD AuthenticAMD
Jan 29 04:49:42 cu-cs-vm systemd[1]: Reached target Network (Pre).
Jan 29 04:49:42 cu-cs-vm kernel: [    0.000000]   Centaur CentaurHauls
Jan 29 04:49:42 cu-cs-vm kernel: [    0.000000] x86/fpu: Supporting XSAVE feature 0x001: 'x87 floating point registers'
Jan 29 04:49:42 cu-cs-vm systemd[1]: Mounted FUSE Control File System.
Jan 29 04:49:42 cu-cs-vm kernel: [    0.000000] x86/fpu: Supporting XSAVE feature 0x002: 'SSE registers'
Jan 29 04:49:42 cu-cs-vm kernel: [    0.000000] x86/fpu: Supporting XSAVE feature 0x004: 'AVX registers'
Jan 29 04:49:42 cu-cs-vm kernel: [    0.000000] x86/fpu: xstate_offset[2]:  576, xstate_sizes[2]:  256
Jan 29 04:49:42 cu-cs-vm systemd[1]: Mounted Configuration File System.
Jan 29 04:49:42 cu-cs-vm kernel: [    0.000000] x86/fpu: Enabled xstate features 0x7, context size is 832 bytes, using 'standard' format.
Jan 29 04:49:42 cu-cs-vm kernel: [    0.000000] e820: BIOS-provided physical RAM map:
Jan 29 04:49:42 cu-cs-vm kernel: [    0.000000] BIOS-e820: [mem 0x0000000000000000-0x000000000009fbff] usable
Jan 29 04:49:42 cu-cs-vm kernel: [    0.000000] BIOS-e820: [mem 0x000000000009fc00-0x000000000009ffff] reserved
Jan 29 04:49:42 cu-cs-vm kernel: [    0.000000] BIOS-e820: [mem 0x00000000000f0000-0x00000000000fffff] reserved
Jan 29 04:49:42 cu-cs-vm kernel: [    0.000000] BIOS-e820: [mem 0x0000000000100000-0x000000007ffeffff] usable
Jan 29 04:49:42 cu-cs-vm systemd[1]: Started Apply Kernel Variables.
Jan 29 04:49:42 cu-cs-vm kernel: [    0.000000] BIOS-e820: [mem 0x000000007fff0000-0x000000007fffffff] ACPI data
Jan 29 04:49:42 cu-cs-vm kernel: [    0.000000] BIOS-e820: [mem 0x00000000fec00000-0x00000000fec00fff] reserved
Jan 29 04:49:42 cu-cs-vm kernel: [    0.000000] BIOS-e820: [mem 0x00000000fee00000-0x00000000fee00fff] reserved
Jan 29 04:49:42 cu-cs-vm systemd[1]: Started Create Static Device Nodes in /dev.
Jan 29 04:49:42 cu-cs-vm kernel: [    0.000000] BIOS-e820: [mem 0x00000000fffc0000-0x00000000ffffffff] reserved
Jan 29 04:49:42 cu-cs-vm kernel: [    0.000000] NX (Execute Disable) protection: active
Jan 29 04:49:42 cu-cs-vm kernel: [    0.000000] SMBIOS 2.5 present.
Jan 29 04:49:42 cu-cs-vm systemd[1]: Starting udev Kernel Device Manager...
Jan 29 04:49:42 cu-cs-vm kernel: [    0.000000] DMI: innotek GmbH VirtualBox/VirtualBox, BIOS VirtualBox 12/01/2006
Jan 29 04:49:42 cu-cs-vm kernel: [    0.000000] Hypervisor detected: KVM
Jan 29 04:49:42 cu-cs-vm kernel: [    0.000000] e820: update [mem 0x00000000-0x00000fff] usable ==> reserved
Jan 29 04:49:42 cu-cs-vm kernel: [    0.000000] e820: remove [mem 0x000a0000-0x000fffff] usable
Jan 29 04:49:42 cu-cs-vm systemd[1]: Started udev Kernel Device Manager.
Jan 29 04:49:42 cu-cs-vm kernel: [    0.000000] e820: last_pfn = 0x7fff0 max_arch_pfn = 0x400000000
Jan 29 04:49:42 cu-cs-vm kernel: [    0.000000] MTRR default type: uncachable
Jan 29 04:49:42 cu-cs-vm systemd[1]: Starting Remount Root and Kernel File Systems...
Jan 29 04:49:42 cu-cs-vm kernel: [    0.000000] MTRR variable ranges disabled:
Jan 29 04:49:42 cu-cs-vm kernel: [    0.000000] MTRR: Disabled
Jan 29 04:49:42 cu-cs-vm kernel: [    0.000000] x86/PAT: MTRRs disabled, skipping PAT initialization too.
Jan 29 04:49:42 cu-cs-vm kernel: [    0.000000] CPU MTRRs all blank - virtualized system.
Jan 29 04:49:42 cu-cs-vm kernel: [    0.000000] x86/PAT: Configuration [0-7]: WB  WT  UC- UC  WB  WT  UC- UC  
Jan 29 04:49:42 cu-cs-vm loadkeys[307]: Loading /etc/console-setup/cached.kmap.gz
Jan 29 04:49:42 cu-cs-vm kernel: [    0.000000] found SMP MP-table at [mem 0x0009fff0-0x0009ffff] mapped at [        (ptrval)]
Jan 29 04:49:42 cu-cs-vm kernel: [    0.000000] Scanning 1 areas for low memory corruption
Jan 29 04:49:42 cu-cs-vm kernel: [    0.000000] Base memory trampoline at [        (ptrval)] 99000 size 24576
Jan 29 04:49:42 cu-cs-vm kernel: [    0.000000] BRK [0x7533f000, 0x7533ffff] PGTABLE
Jan 29 04:49:42 cu-cs-vm systemd[1]: Started Set console keymap.
Jan 29 04:49:42 cu-cs-vm kernel: [    0.000000] BRK [0x75340000, 0x75340fff] PGTABLE
Jan 29 04:49:42 cu-cs-vm kernel: [    0.000000] BRK [0x75341000, 0x75341fff] PGTABLE
Jan 29 04:49:42 cu-cs-vm kernel: [    0.000000] BRK [0x75342000, 0x75342fff] PGTABLE
Jan 29 04:49:42 cu-cs-vm systemd[1]: Started Remount Root and Kernel File Systems.
Jan 29 04:49:42 cu-cs-vm kernel: [    0.000000] BRK [0x75343000, 0x75343fff] PGTABLE
Jan 29 04:49:42 cu-cs-vm kernel: [    0.000000] BRK [0x75344000, 0x75344fff] PGTABLE
Jan 29 04:49:42 cu-cs-vm kernel: [    0.000000] RAMDISK: [mem 0x1d1df000-0x37feffff]
Jan 29 04:49:42 cu-cs-vm systemd[1]: Starting Load/Save Random Seed...
Jan 29 04:49:42 cu-cs-vm kernel: [    0.000000] ACPI: Early table checksum verification disabled
Jan 29 04:49:42 cu-cs-vm kernel: [    0.000000] ACPI: RSDP 0x00000000000E0000 000024 (v02 VBOX  )
Jan 29 04:49:42 cu-cs-vm systemd[1]: Starting Flush Journal to Persistent Storage...
Jan 29 04:49:42 cu-cs-vm kernel: [    0.000000] ACPI: XSDT 0x000000007FFF0030 00003C (v01 VBOX   VBOXXSDT 00000001 ASL  00000061)
Jan 29 04:49:42 cu-cs-vm kernel: [    0.000000] ACPI: FACP 0x000000007FFF00F0 0000F4 (v04 VBOX   VBOXFACP 00000001 ASL  00000061)
Jan 29 04:49:42 cu-cs-vm kernel: [    0.000000] ACPI: DSDT 0x000000007FFF0470 0022EA (v02 VBOX   VBOXBIOS 00000002 INTL 20100528)
Jan 29 04:49:42 cu-cs-vm kernel: [    0.000000] ACPI: FACS 0x000000007FFF0200 000040
Jan 29 04:49:42 cu-cs-vm systemd[1]: Reached target Local File Systems (Pre).
Jan 29 04:49:42 cu-cs-vm kernel: [    0.000000] ACPI: FACS 0x000000007FFF0200 000040
Jan 29 04:49:42 cu-cs-vm kernel: [    0.000000] ACPI: APIC 0x000000007FFF0240 00005C (v02 VBOX   VBOXAPIC 00000001 ASL  00000061)
Jan 29 04:49:42 cu-cs-vm kernel: [    0.000000] ACPI: SSDT 0x000000007FFF02A0 0001CC (v01 VBOX   VBOXCPUT 00000002 INTL 20100528)
Jan 29 04:49:42 cu-cs-vm kernel: [    0.000000] ACPI: Local APIC address 0xfee00000
Jan 29 04:49:42 cu-cs-vm systemd[1]: Reached target Local File Systems.
Jan 29 04:49:42 cu-cs-vm kernel: [    0.000000] No NUMA configuration found
Jan 29 04:49:42 cu-cs-vm kernel: [    0.000000] Faking a node at [mem 0x0000000000000000-0x000000007ffeffff]
Jan 29 04:49:42 cu-cs-vm kernel: [    0.000000] NODE_DATA(0) allocated [mem 0x7ffc5000-0x7ffeffff]
Jan 29 04:49:42 cu-cs-vm kernel: [    0.000000] kvm-clock: cpu 0, msr 0:7ff44001, primary cpu clock
Jan 29 04:49:42 cu-cs-vm systemd[1]: Starting Tell Plymouth To Write Out Runtime Data...
Jan 29 04:49:42 cu-cs-vm kernel: [    0.000000] kvm-clock: Using msrs 4b564d01 and 4b564d00
Jan 29 04:49:42 cu-cs-vm kernel: [    0.000000] kvm-clock: using sched offset of 28929135215 cycles
Jan 29 04:49:42 cu-cs-vm kernel: [    0.000000] clocksource: kvm-clock: mask: 0xffffffffffffffff max_cycles: 0x1cd42e4dffb, max_idle_ns: 881590591483 ns
Jan 29 04:49:42 cu-cs-vm systemd[1]: Starting LSB: AppArmor initialization...
Jan 29 04:49:42 cu-cs-vm kernel: [    0.000000] Zone ranges:
Jan 29 04:49:42 cu-cs-vm kernel: [    0.000000]   DMA      [mem 0x0000000000001000-0x0000000000ffffff]
Jan 29 04:49:42 cu-cs-vm kernel: [    0.000000]   DMA32    [mem 0x0000000001000000-0x000000007ffeffff]
Jan 29 04:49:42 cu-cs-vm systemd[1]: Starting Set console font and keymap...
Jan 29 04:49:42 cu-cs-vm kernel: [    0.000000]   Normal   empty
Jan 29 04:49:42 cu-cs-vm kernel: [    0.000000]   Device   empty
Jan 29 04:49:42 cu-cs-vm kernel: [    0.000000] Movable zone start for each node
Jan 29 04:49:42 cu-cs-vm kernel: [    0.000000] Early memory node ranges
Jan 29 04:49:42 cu-cs-vm kernel: [    0.000000]   node   0: [mem 0x0000000000001000-0x000000000009efff]
Jan 29 04:49:42 cu-cs-vm systemd[1]: Starting Enable support for additional executable binary formats...
Jan 29 04:49:42 cu-cs-vm kernel: [    0.000000]   node   0: [mem 0x0000000000100000-0x000000007ffeffff]
Jan 29 04:49:42 cu-cs-vm kernel: [    0.000000] Initmem setup node 0 [mem 0x0000000000001000-0x000000007ffeffff]
Jan 29 04:49:42 cu-cs-vm kernel: [    0.000000] On node 0 totalpages: 524174
Jan 29 04:49:42 cu-cs-vm systemd[1]: Starting udev Coldplug all Devices...
Jan 29 04:49:42 cu-cs-vm kernel: [    0.000000]   DMA zone: 64 pages used for memmap
Jan 29 04:49:42 cu-cs-vm kernel: [    0.000000]   DMA zone: 21 pages reserved
Jan 29 04:49:42 cu-cs-vm kernel: [    0.000000]   DMA zone: 3998 pages, LIFO batch:0
Jan 29 04:49:42 cu-cs-vm kernel: [    0.000000]   DMA32 zone: 8128 pages used for memmap
Jan 29 04:49:42 cu-cs-vm systemd[1]: Started Load/Save Random Seed.
Jan 29 04:49:42 cu-cs-vm kernel: [    0.000000]   DMA32 zone: 520176 pages, LIFO batch:31
Jan 29 04:49:42 cu-cs-vm kernel: [    0.000000] Reserved but unavailable: 98 pages
Jan 29 04:49:42 cu-cs-vm kernel: [    0.000000] ACPI: PM-Timer IO Port: 0x4008
Jan 29 04:49:42 cu-cs-vm kernel: [    0.000000] ACPI: Local APIC address 0xfee00000
Jan 29 04:49:42 cu-cs-vm systemd[1]: Started Flush Journal to Persistent Storage.
Jan 29 04:49:42 cu-cs-vm kernel: [    0.000000] IOAPIC[0]: apic_id 2, version 32, address 0xfec00000, GSI 0-23
Jan 29 04:49:42 cu-cs-vm kernel: [    0.000000] ACPI: INT_SRC_OVR (bus 0 bus_irq 0 global_irq 2 dfl dfl)
Jan 29 04:49:42 cu-cs-vm kernel: [    0.000000] ACPI: INT_SRC_OVR (bus 0 bus_irq 9 global_irq 9 low level)
Jan 29 04:49:42 cu-cs-vm systemd[1]: Starting Create Volatile Files and Directories...
Jan 29 04:49:42 cu-cs-vm kernel: [    0.000000] ACPI: IRQ0 used by override.
Jan 29 04:49:42 cu-cs-vm kernel: [    0.000000] ACPI: IRQ9 used by override.
Jan 29 04:49:42 cu-cs-vm kernel: [    0.000000] Using ACPI (MADT) for SMP configuration information
Jan 29 04:49:42 cu-cs-vm kernel: [    0.000000] smpboot: Allowing 2 CPUs, 0 hotplug CPUs
Jan 29 04:49:42 cu-cs-vm systemd-tmpfiles[376]: [/usr/lib/tmpfiles.d/var.conf:14] Duplicate line for path "/var/log", ignoring.
Jan 29 04:49:42 cu-cs-vm kernel: [    0.000000] PM: Registered nosave memory: [mem 0x00000000-0x00000fff]
Jan 29 04:49:42 cu-cs-vm kernel: [    0.000000] PM: Registered nosave memory: [mem 0x0009f000-0x0009ffff]
Jan 29 04:49:42 cu-cs-vm kernel: [    0.000000] PM: Registered nosave memory: [mem 0x000a0000-0x000effff]
Jan 29 04:49:42 cu-cs-vm systemd[1]: Started Tell Plymouth To Write Out Runtime Data.
Jan 29 04:49:42 cu-cs-vm kernel: [    0.000000] PM: Registered nosave memory: [mem 0x000f0000-0x000fffff]
Jan 29 04:49:42 cu-cs-vm kernel: [    0.000000] e820: [mem 0x80000000-0xfebfffff] available for PCI devices
Jan 29 04:49:42 cu-cs-vm kernel: [    0.000000] Booting paravirtualized kernel on KVM
Jan 29 04:49:42 cu-cs-vm systemd[1]: Started Create Volatile Files and Directories.
Jan 29 04:49:42 cu-cs-vm kernel: [    0.000000] clocksource: refined-jiffies: mask: 0xffffffff max_cycles: 0xffffffff, max_idle_ns: 7645519600211568 ns
Jan 29 04:49:42 cu-cs-vm kernel: [    0.000000] random: get_random_bytes called from start_kernel+0x99/0x51d with crng_init=0
Jan 29 04:49:42 cu-cs-vm kernel: [    0.000000] setup_percpu: NR_CPUS:8192 nr_cpumask_bits:2 nr_cpu_ids:2 nr_node_ids:1
Jan 29 04:49:42 cu-cs-vm kernel: [    0.000000] percpu: Embedded 46 pages/cpu @        (ptrval) s151552 r8192 d28672 u1048576
Jan 29 04:49:42 cu-cs-vm kernel: [    0.000000] pcpu-alloc: s151552 r8192 d28672 u1048576 alloc=1*2097152
Jan 29 04:49:42 cu-cs-vm systemd[1]: proc-sys-fs-binfmt_misc.automount: Got automount request for /proc/sys/fs/binfmt_misc, triggered by 367 (update-binfmts)
Jan 29 04:49:42 cu-cs-vm kernel: [    0.000000] pcpu-alloc: [0] 0 1 
Jan 29 04:49:42 cu-cs-vm kernel: [    0.000000] PV qspinlock hash table entries: 256 (order: 0, 4096 bytes)
Jan 29 04:49:42 cu-cs-vm kernel: [    0.000000] Built 1 zonelists, mobility grouping on.  Total pages: 515961
Jan 29 04:49:42 cu-cs-vm kernel: [    0.000000] Policy zone: DMA32
Jan 29 04:49:42 cu-cs-vm kernel: [    0.000000] Kernel command line: BOOT_IMAGE=/boot/vmlinuz-4.15.18revision1 root=UUID=a7adc8c1-e02a-478b-93ad-c06e060e0176 ro
Jan 29 04:49:42 cu-cs-vm systemd[1]: Mounting Arbitrary Executable File Formats File System...
Jan 29 04:49:42 cu-cs-vm kernel: [    0.000000] Calgary: detecting Calgary via BIOS EBDA area
Jan 29 04:49:42 cu-cs-vm kernel: [    0.000000] Calgary: Unable to locate Rio Grande table in EBDA - bailing!
Jan 29 04:49:42 cu-cs-vm kernel: [    0.000000] Memory: 1594388K/2096696K available (12300K kernel code, 2470K rwdata, 4204K rodata, 2408K init, 2416K bss, 502308K reserved, 0K cma-reserved)
Jan 29 04:49:42 cu-cs-vm kernel: [    0.000000] SLUB: HWalign=64, Order=0-3, MinObjects=0, CPUs=2, Nodes=1
Jan 29 04:49:42 cu-cs-vm systemd[1]: Starting Update UTMP about System Boot/Shutdown...
Jan 29 04:49:42 cu-cs-vm kernel: [    0.000000] Kernel/User page tables isolation: enabled
Jan 29 04:49:42 cu-cs-vm kernel: [    0.000000] ftrace: allocating 39035 entries in 153 pages
Jan 29 04:49:42 cu-cs-vm kernel: [    0.004000] Hierarchical RCU implementation.
Jan 29 04:49:42 cu-cs-vm systemd[1]: Started udev Coldplug all Devices.
Jan 29 04:49:42 cu-cs-vm kernel: [    0.004000] 	RCU restricting CPUs from NR_CPUS=8192 to nr_cpu_ids=2.
Jan 29 04:49:42 cu-cs-vm kernel: [    0.004000] 	Tasks RCU enabled.
Jan 29 04:49:42 cu-cs-vm kernel: [    0.004000] RCU: Adjusting geometry for rcu_fanout_leaf=16, nr_cpu_ids=2
Jan 29 04:49:42 cu-cs-vm kernel: [    0.004000] NR_IRQS: 524544, nr_irqs: 440, preallocated irqs: 16
Jan 29 04:49:42 cu-cs-vm kernel: [    0.004000] Console: colour VGA+ 80x25
Jan 29 04:49:42 cu-cs-vm systemd[1]: Started Dispatch Password Requests to Console Directory Watch.
Jan 29 04:49:42 cu-cs-vm kernel: [    0.004000] console [tty0] enabled
Jan 29 04:49:42 cu-cs-vm kernel: [    0.004000] ACPI: Core revision 20170831
Jan 29 04:49:42 cu-cs-vm systemd[1]: Mounted Arbitrary Executable File Formats File System.
Jan 29 04:49:42 cu-cs-vm systemd[1]: Started Update UTMP about System Boot/Shutdown.
Jan 29 04:49:42 cu-cs-vm apparmor[365]:  * Starting AppArmor profiles
Jan 29 04:49:42 cu-cs-vm systemd[1]: Started Enable support for additional executable binary formats.
Jan 29 04:49:42 cu-cs-vm apparmor[365]: Skipping profile in /etc/apparmor.d/disable: usr.bin.firefox
Jan 29 04:49:42 cu-cs-vm apparmor[365]: Skipping profile in /etc/apparmor.d/disable: usr.sbin.rsyslogd
Jan 29 04:49:42 cu-cs-vm systemd[1]: Listening on Load/Save RF Kill Switch Status /dev/rfkill Watch.
Jan 29 04:49:42 cu-cs-vm apparmor[365]:    ...done.
Jan 29 04:49:42 cu-cs-vm systemd[1]: Started LSB: AppArmor initialization.
Jan 29 04:49:42 cu-cs-vm systemd[1]: Starting Raise network interfaces...
Jan 29 04:49:42 cu-cs-vm systemd[1]: Started Set console font and keymap.
Jan 29 04:49:42 cu-cs-vm systemd[1]: Created slice system-getty.slice.
Jan 29 04:49:42 cu-cs-vm systemd[1]: Started Raise network interfaces.
Jan 29 04:49:42 cu-cs-vm systemd[1]: Found device HARDDISK 5.
Jan 29 04:49:42 cu-cs-vm systemd[1]: Activating swap /dev/disk/by-uuid/4f6f25d8-6004-459b-b46c-f0f3c3d0de9b...
Jan 29 04:49:42 cu-cs-vm systemd[1]: Activated swap /dev/disk/by-uuid/4f6f25d8-6004-459b-b46c-f0f3c3d0de9b.
Jan 29 04:49:42 cu-cs-vm systemd[1]: Reached target Swap.
Jan 29 04:49:42 cu-cs-vm systemd[1]: Reached target System Initialization.
Jan 29 04:49:42 cu-cs-vm systemd[1]: Listening on UUID daemon activation socket.
Jan 29 04:49:42 cu-cs-vm systemd[1]: Listening on ACPID Listen Socket.
Jan 29 04:49:42 cu-cs-vm systemd[1]: Listening on Avahi mDNS/DNS-SD Stack Activation Socket.
Jan 29 04:49:42 cu-cs-vm systemd[1]: Listening on D-Bus System Message Bus Socket.
Jan 29 04:49:42 cu-cs-vm systemd[1]: Started ACPI Events Check.
Jan 29 04:49:42 cu-cs-vm systemd[1]: Started Daily apt download activities.
Jan 29 04:49:42 cu-cs-vm systemd[1]: Started Daily apt upgrade and clean activities.
Jan 29 04:49:42 cu-cs-vm kernel: [    0.004000] ACPI: 2 ACPI AML tables successfully acquired and loaded
Jan 29 04:49:42 cu-cs-vm systemd[1]: Starting Socket activation for snappy daemon.
Jan 29 04:49:42 cu-cs-vm kernel: [    0.004000] APIC: Switch to symmetric I/O mode setup
Jan 29 04:49:42 cu-cs-vm kernel: [    0.004000] x2apic enabled
Jan 29 04:49:42 cu-cs-vm kernel: [    0.004000] Switched APIC routing to physical x2apic.
Jan 29 04:49:42 cu-cs-vm systemd[1]: Started CUPS Scheduler.
Jan 29 04:49:42 cu-cs-vm kernel: [    0.004000] ..TIMER: vector=0x30 apic1=0 pin1=2 apic2=-1 pin2=-1
Jan 29 04:49:42 cu-cs-vm kernel: [    0.004000] tsc: Detected 2904.004 MHz processor
Jan 29 04:49:42 cu-cs-vm kernel: [    0.004000] Calibrating delay loop (skipped) preset value.. 5808.00 BogoMIPS (lpj=11616016)
Jan 29 04:49:42 cu-cs-vm kernel: [    0.004000] pid_max: default: 32768 minimum: 301
Jan 29 04:49:42 cu-cs-vm systemd[1]: Reached target Paths.
Jan 29 04:49:42 cu-cs-vm kernel: [    0.004000] Security Framework initialized
Jan 29 04:49:42 cu-cs-vm kernel: [    0.004000] Yama: becoming mindful.
Jan 29 04:49:42 cu-cs-vm systemd[1]: Started Daily Cleanup of Temporary Directories.
Jan 29 04:49:42 cu-cs-vm kernel: [    0.004000] AppArmor: AppArmor initialized
Jan 29 04:49:42 cu-cs-vm kernel: [    0.004000] Dentry cache hash table entries: 262144 (order: 9, 2097152 bytes)
Jan 29 04:49:42 cu-cs-vm kernel: [    0.005419] Inode-cache hash table entries: 131072 (order: 8, 1048576 bytes)
Jan 29 04:49:42 cu-cs-vm kernel: [    0.005726] Mount-cache hash table entries: 4096 (order: 3, 32768 bytes)
Jan 29 04:49:42 cu-cs-vm kernel: [    0.006010] Mountpoint-cache hash table entries: 4096 (order: 3, 32768 bytes)
Jan 29 04:49:42 cu-cs-vm systemd[1]: Reached target Timers.
Jan 29 04:49:42 cu-cs-vm kernel: [    0.006482] mce: CPU supports 0 MCE banks
Jan 29 04:49:42 cu-cs-vm kernel: [    0.006701] Last level iTLB entries: 4KB 64, 2MB 8, 4MB 8
Jan 29 04:49:42 cu-cs-vm kernel: [    0.006946] Last level dTLB entries: 4KB 64, 2MB 0, 4MB 0, 1GB 4
Jan 29 04:49:42 cu-cs-vm systemd[1]: Listening on CUPS Scheduler.
Jan 29 04:49:42 cu-cs-vm kernel: [    0.008002] Spectre V2 : Mitigation: Full generic retpoline
Jan 29 04:49:42 cu-cs-vm kernel: [    0.008252] Spectre V2 : Spectre v2 / SpectreRSB mitigation: Filling RSB on context switch
Jan 29 04:49:42 cu-cs-vm kernel: [    0.008640] Speculative Store Bypass: Vulnerable
Jan 29 04:49:42 cu-cs-vm systemd[1]: Listening on Socket activation for snappy daemon.
Jan 29 04:49:42 cu-cs-vm kernel: [    0.009011] Freeing SMP alternatives memory: 36K
Jan 29 04:49:42 cu-cs-vm kernel: [    0.012000] smpboot: CPU0: Intel(R) Core(TM) i9-8950HK CPU @ 2.90GHz (family: 0x6, model: 0x9e, stepping: 0xa)
Jan 29 04:49:42 cu-cs-vm kernel: [    0.012000] Performance Events: unsupported p6 CPU model 158 no PMU driver, software events only.
Jan 29 04:49:42 cu-cs-vm kernel: [    0.012000] Hierarchical SRCU implementation.
Jan 29 04:49:42 cu-cs-vm systemd[1]: Reached target Sockets.
Jan 29 04:49:42 cu-cs-vm kernel: [    0.012000] NMI watchdog: Perf event create on CPU 0 failed with -2
Jan 29 04:49:42 cu-cs-vm kernel: [    0.012000] NMI watchdog: Perf NMI watchdog permanently disabled
Jan 29 04:49:42 cu-cs-vm kernel: [    0.012000] smp: Bringing up secondary CPUs ...
Jan 29 04:49:42 cu-cs-vm systemd[1]: Reached target Basic System.
Jan 29 04:49:42 cu-cs-vm kernel: [    0.012000] x86: Booting SMP configuration:
Jan 29 04:49:42 cu-cs-vm kernel: [    0.012000] .... node  #0, CPUs:      #1
Jan 29 04:49:42 cu-cs-vm kernel: [    0.004000] kvm-clock: cpu 1, msr 0:7ff44041, secondary cpu clock
Jan 29 04:49:42 cu-cs-vm kernel: [    0.004000] mce: CPU supports 0 MCE banks
Jan 29 04:49:42 cu-cs-vm systemd[1]: Starting LSB: Execute the kexec -e command to reboot system...
Jan 29 04:49:42 cu-cs-vm kernel: [    0.012027] smp: Brought up 1 node, 2 CPUs
Jan 29 04:49:42 cu-cs-vm kernel: [    0.013033] smpboot: Max logical packages: 1
Jan 29 04:49:42 cu-cs-vm kernel: [    0.013251] smpboot: Total of 2 processors activated (11616.01 BogoMIPS)
Jan 29 04:49:42 cu-cs-vm kernel: [    0.013628] devtmpfs: initialized
Jan 29 04:49:42 cu-cs-vm systemd[1]: Started uptime record daemon.
Jan 29 04:49:42 cu-cs-vm kernel: [    0.013628] x86/mm: Memory block size: 128MB
Jan 29 04:49:42 cu-cs-vm kernel: [    0.013628] evm: security.selinux
Jan 29 04:49:42 cu-cs-vm kernel: [    0.013628] evm: security.SMACK64
Jan 29 04:49:42 cu-cs-vm systemd[1]: Starting LSB: daemon to balance interrupts for SMP systems...
Jan 29 04:49:42 cu-cs-vm kernel: [    0.013628] evm: security.SMACK64EXEC
Jan 29 04:49:42 cu-cs-vm kernel: [    0.016003] evm: security.SMACK64TRANSMUTE
Jan 29 04:49:42 cu-cs-vm kernel: [    0.016215] evm: security.SMACK64MMAP
Jan 29 04:49:42 cu-cs-vm kernel: [    0.016414] evm: security.apparmor
Jan 29 04:49:42 cu-cs-vm systemd[1]: Starting Thermal Daemon Service...
Jan 29 04:49:42 cu-cs-vm kernel: [    0.016605] evm: security.ima
Jan 29 04:49:42 cu-cs-vm kernel: [    0.016802] evm: security.capability
Jan 29 04:49:42 cu-cs-vm kernel: [    0.017021] clocksource: jiffies: mask: 0xffffffff max_cycles: 0xffffffff, max_idle_ns: 7645041785100000 ns
Jan 29 04:49:42 cu-cs-vm systemd[1]: Started Regular background program processing daemon.
Jan 29 04:49:42 cu-cs-vm kernel: [    0.017021] futex hash table entries: 512 (order: 3, 32768 bytes)
Jan 29 04:49:42 cu-cs-vm kernel: [    0.017021] pinctrl core: initialized pinctrl subsystem
Jan 29 04:49:42 cu-cs-vm kernel: [    0.017062] RTC time: 11:49:22, date: 01/29/19
Jan 29 04:49:42 cu-cs-vm kernel: [    0.017413] NET: Registered protocol family 16
Jan 29 04:49:42 cu-cs-vm systemd[1]: Starting System Logging Service...
Jan 29 04:49:42 cu-cs-vm kernel: [    0.017688] audit: initializing netlink subsys (disabled)
Jan 29 04:49:42 cu-cs-vm kernel: [    0.017950] audit: type=2000 audit(1548787792.523:1): state=initialized audit_enabled=0 res=1
Jan 29 04:49:42 cu-cs-vm kernel: [    0.017950] cpuidle: using governor ladder
Jan 29 04:49:42 cu-cs-vm systemd[1]: Starting LSB: Set the CPU Frequency Scaling governor to "ondemand"...
Jan 29 04:49:42 cu-cs-vm kernel: [    0.020004] cpuidle: using governor menu
Jan 29 04:49:42 cu-cs-vm kernel: [    0.020230] ACPI: bus type PCI registered
Jan 29 04:49:42 cu-cs-vm kernel: [    0.020442] acpiphp: ACPI Hot Plug PCI Controller Driver version: 0.5
Jan 29 04:49:42 cu-cs-vm kernel: [    0.020789] PCI: Using configuration type 1 for base access
Jan 29 04:49:42 cu-cs-vm systemd[1]: Starting vboxadd.service...
Jan 29 04:49:42 cu-cs-vm kernel: [    0.021190] HugeTLB registered 2.00 MiB page size, pre-allocated 0 pages
Jan 29 04:49:42 cu-cs-vm kernel: [    0.024054] ACPI: Added _OSI(Module Device)
Jan 29 04:49:42 cu-cs-vm kernel: [    0.024272] ACPI: Added _OSI(Processor Device)
Jan 29 04:49:42 cu-cs-vm kernel: [    0.024494] ACPI: Added _OSI(3.0 _SCP Extensions)
Jan 29 04:49:42 cu-cs-vm kernel: [    0.024725] ACPI: Added _OSI(Processor Aggregator Device)
Jan 29 04:49:42 cu-cs-vm systemd[1]: Starting Restore /etc/resolv.conf if the system crashed before the ppp link was shut down...
Jan 29 04:49:42 cu-cs-vm kernel: [    0.025017] ACPI: Added _OSI(Linux-Dell-Video)
Jan 29 04:49:42 cu-cs-vm kernel: [    0.025240] ACPI: Added _OSI(Linux-Lenovo-NV-HDMI-Audio)
Jan 29 04:49:42 cu-cs-vm kernel: [    0.025732] ACPI: Executed 1 blocks of module-level executable AML code
Jan 29 04:49:42 cu-cs-vm systemd[1]: Starting Permit User Sessions...
Jan 29 04:49:42 cu-cs-vm kernel: [    0.029560] ACPI: Interpreter enabled
Jan 29 04:49:42 cu-cs-vm kernel: [    0.029770] ACPI: (supports S0 S5)
Jan 29 04:49:42 cu-cs-vm kernel: [    0.029964] ACPI: Using IOAPIC for interrupt routing
Jan 29 04:49:42 cu-cs-vm cron[748]: (CRON) INFO (pidfile fd = 3)
Jan 29 04:49:42 cu-cs-vm kernel: [    0.030416] PCI: Using host bridge windows from ACPI; if necessary, use "pci=nocrs" and report a bug
Jan 29 04:49:42 cu-cs-vm kernel: [    0.031020] ACPI: Enabled 2 GPEs in block 00 to 07
Jan 29 04:49:42 cu-cs-vm kernel: [    0.036762] ACPI: PCI Root Bridge [PCI0] (domain 0000 [bus 00-ff])
Jan 29 04:49:42 cu-cs-vm kernel: [    0.037051] acpi PNP0A03:00: _OSC: OS supports [ASPM ClockPM Segments MSI]
Jan 29 04:49:42 cu-cs-vm systemd[1]: Starting Detect the available GPUs and deal with any system changes...
Jan 29 04:49:42 cu-cs-vm kernel: [    0.037805] acpi PNP0A03:00: _OSC: not requesting OS control; OS requires [ExtendedConfig ASPM ClockPM MSI]
Jan 29 04:49:42 cu-cs-vm systemd[1]: Starting Avahi mDNS/DNS-SD Stack...
Jan 29 04:49:42 cu-cs-vm kernel: [    0.038253] acpi PNP0A03:00: fail to add MMCONFIG information, can't access extended PCI configuration space under this bridge.
Jan 29 04:49:42 cu-cs-vm kernel: [    0.039017] PCI host bridge to bus 0000:00
Jan 29 04:49:42 cu-cs-vm kernel: [    0.039233] pci_bus 0000:00: root bus resource [io  0x0000-0x0cf7 window]
Jan 29 04:49:42 cu-cs-vm kernel: [    0.039523] pci_bus 0000:00: root bus resource [io  0x0d00-0xffff window]
Jan 29 04:49:42 cu-cs-vm systemd[1]: Starting Accounts Service...
Jan 29 04:49:42 cu-cs-vm kernel: [    0.039814] pci_bus 0000:00: root bus resource [mem 0x000a0000-0x000bffff window]
Jan 29 04:49:42 cu-cs-vm kernel: [    0.040000] pci_bus 0000:00: root bus resource [mem 0x80000000-0xfdffffff window]
Jan 29 04:49:42 cu-cs-vm systemd[1]: Starting LSB: Speech Dispatcher...
Jan 29 04:49:42 cu-cs-vm kernel: [    0.040000] pci_bus 0000:00: root bus resource [bus 00-ff]
Jan 29 04:49:42 cu-cs-vm kernel: [    0.040026] pci 0000:00:00.0: [8086:1237] type 00 class 0x060000
Jan 29 04:49:42 cu-cs-vm kernel: [    0.040553] pci 0000:00:01.0: [8086:7000] type 00 class 0x060100
Jan 29 04:49:42 cu-cs-vm kernel: [    0.041145] pci 0000:00:02.0: [80ee:beef] type 00 class 0x030000
Jan 29 04:49:42 cu-cs-vm systemd[1]: Started CUPS Scheduler.
Jan 29 04:49:42 cu-cs-vm kernel: [    0.042037] pci 0000:00:02.0: reg 0x10: [mem 0xe0000000-0xe0ffffff pref]
Jan 29 04:49:42 cu-cs-vm kernel: [    0.046586] pci 0000:00:04.0: [80ee:cafe] type 00 class 0x088000
Jan 29 04:49:42 cu-cs-vm gpu-manager[755]: /etc/modprobe.d is not a file
Jan 29 04:49:42 cu-cs-vm kernel: [    0.047061] pci 0000:00:04.0: reg 0x10: [io  0xd000-0xd01f]
Jan 29 04:49:42 cu-cs-vm kernel: [    0.047669] pci 0000:00:04.0: reg 0x14: [mem 0xf0000000-0xf03fffff]
Jan 29 04:49:42 cu-cs-vm kernel: [    0.048067] pci 0000:00:04.0: reg 0x18: [mem 0xf0400000-0xf0403fff pref]
Jan 29 04:49:42 cu-cs-vm kernel: [    0.049957] pci 0000:00:05.0: [8086:2415] type 00 class 0x040100
Jan 29 04:49:42 cu-cs-vm kernel: [    0.050075] pci 0000:00:05.0: reg 0x10: [io  0xd100-0xd1ff]
Jan 29 04:49:42 cu-cs-vm kernel: [    0.050141] pci 0000:00:05.0: reg 0x14: [io  0xd200-0xd23f]
Jan 29 04:49:42 cu-cs-vm kernel: [    0.050651] pci 0000:00:06.0: [106b:003f] type 00 class 0x0c0310
Jan 29 04:49:42 cu-cs-vm kernel: [    0.051128] pci 0000:00:06.0: reg 0x10: [mem 0xf0404000-0xf0404fff]
Jan 29 04:49:42 cu-cs-vm kernel: [    0.054035] pci 0000:00:07.0: [8086:7113] type 00 class 0x068000
Jan 29 04:49:42 cu-cs-vm kernel: [    0.054493] pci 0000:00:07.0: quirk: [io  0x4000-0x403f] claimed by PIIX4 ACPI
Jan 29 04:49:42 cu-cs-vm kernel: [    0.054892] pci 0000:00:07.0: quirk: [io  0x4100-0x410f] claimed by PIIX4 SMB
Jan 29 04:49:42 cu-cs-vm kernel: [    0.056239] pci 0000:00:0d.0: [8086:2829] type 00 class 0x010601
Jan 29 04:49:42 cu-cs-vm kernel: [    0.056778] pci 0000:00:0d.0: reg 0x10: [io  0xd240-0xd247]
Jan 29 04:49:42 cu-cs-vm kernel: [    0.057222] pci 0000:00:0d.0: reg 0x14: [io  0xd248-0xd24b]
Jan 29 04:49:42 cu-cs-vm kernel: [    0.057689] pci 0000:00:0d.0: reg 0x18: [io  0xd250-0xd257]
Jan 29 04:49:42 cu-cs-vm kernel: [    0.058086] pci 0000:00:0d.0: reg 0x1c: [io  0xd258-0xd25b]
Jan 29 04:49:42 cu-cs-vm kernel: [    0.058463] pci 0000:00:0d.0: reg 0x20: [io  0xd260-0xd26f]
Jan 29 04:49:42 cu-cs-vm kernel: [    0.058837] pci 0000:00:0d.0: reg 0x24: [mem 0xf0406000-0xf0407fff]
Jan 29 04:49:42 cu-cs-vm kernel: [    0.059600] pci 0000:00:11.0: [8086:100f] type 00 class 0x020000
Jan 29 04:49:42 cu-cs-vm kernel: [    0.060063] pci 0000:00:11.0: reg 0x10: [mem 0xf0420000-0xf043ffff]
Jan 29 04:49:42 cu-cs-vm kernel: [    0.060816] pci 0000:00:11.0: reg 0x18: [io  0xd270-0xd277]
Jan 29 04:49:42 cu-cs-vm kernel: [    0.062660] pci 0000:00:14.0: [1000:0030] type 00 class 0x010000
Jan 29 04:49:42 cu-cs-vm kernel: [    0.063126] pci 0000:00:14.0: reg 0x10: [io  0xd300-0xd3ff]
Jan 29 04:49:42 cu-cs-vm kernel: [    0.063517] pci 0000:00:14.0: reg 0x14: [mem 0xf0440000-0xf045ffff]
Jan 29 04:49:42 cu-cs-vm kernel: [    0.063902] pci 0000:00:14.0: reg 0x18: [mem 0xf0460000-0xf047ffff]
Jan 29 04:49:42 cu-cs-vm kernel: [    0.066788] ACPI: PCI Interrupt Link [LNKA] (IRQs 5 9 10 *11)
Jan 29 04:49:42 cu-cs-vm kernel: [    0.067346] ACPI: PCI Interrupt Link [LNKB] (IRQs 5 9 *10 11)
Jan 29 04:49:42 cu-cs-vm kernel: [    0.068100] ACPI: PCI Interrupt Link [LNKC] (IRQs 5 *9 10 11)
Jan 29 04:49:42 cu-cs-vm kernel: [    0.068460] ACPI: PCI Interrupt Link [LNKD] (IRQs 5 9 10 *11)
Jan 29 04:49:42 cu-cs-vm gpu-manager[755]: message repeated 4 times: [ /etc/modprobe.d is not a file]
Jan 29 04:49:42 cu-cs-vm gpu-manager[755]: Error: can't open /lib/modules/4.15.18revision1/updates/dkms
Jan 29 04:49:42 cu-cs-vm kernel: [    0.068948] SCSI subsystem initialized
Jan 29 04:49:42 cu-cs-vm kernel: [    0.069176] libata version 3.00 loaded.
Jan 29 04:49:42 cu-cs-vm kernel: [    0.069176] pci 0000:00:02.0: vgaarb: setting as boot VGA device
Jan 29 04:49:42 cu-cs-vm kernel: [    0.069176] pci 0000:00:02.0: vgaarb: VGA device added: decodes=io+mem,owns=io+mem,locks=none
Jan 29 04:49:42 cu-cs-vm kernel: [    0.069176] pci 0000:00:02.0: vgaarb: bridge control possible
Jan 29 04:49:42 cu-cs-vm kernel: [    0.069176] vgaarb: loaded
Jan 29 04:49:42 cu-cs-vm kernel: [    0.069176] ACPI: bus type USB registered
Jan 29 04:49:42 cu-cs-vm kernel: [    0.069353] usbcore: registered new interface driver usbfs
Jan 29 04:49:42 cu-cs-vm gpu-manager[755]: Error: can't open /lib/modules/4.15.18revision1/updates/dkms
Jan 29 04:49:42 cu-cs-vm systemd[1]: Started ACPI event daemon.
Jan 29 04:49:42 cu-cs-vm systemd[1]: Started D-Bus System Message Bus.
Jan 29 04:49:42 cu-cs-vm cron[748]: (CRON) INFO (Running @reboot jobs)
Jan 29 04:49:42 cu-cs-vm kernel: [    0.069618] usbcore: registered new interface driver hub
Jan 29 04:49:42 cu-cs-vm kernel: [    0.069876] usbcore: registered new device driver usb
Jan 29 04:49:42 cu-cs-vm kernel: [    0.070144] EDAC MC: Ver: 3.0.0
Jan 29 04:49:42 cu-cs-vm kernel: [    0.072048] PCI: Using ACPI for IRQ routing
Jan 29 04:49:42 cu-cs-vm kernel: [    0.072235] PCI: pci_cache_line_size set to 64 bytes
Jan 29 04:49:42 cu-cs-vm kernel: [    0.072382] e820: reserve RAM buffer [mem 0x0009fc00-0x0009ffff]
Jan 29 04:49:42 cu-cs-vm kernel: [    0.072383] e820: reserve RAM buffer [mem 0x7fff0000-0x7fffffff]
Jan 29 04:49:42 cu-cs-vm kernel: [    0.072440] NetLabel: Initializing
Jan 29 04:49:42 cu-cs-vm kernel: [    0.072635] NetLabel:  domain hash size = 128
Jan 29 04:49:42 cu-cs-vm kernel: [    0.073055] NetLabel:  protocols = UNLABELED CIPSOv4 CALIPSO
Jan 29 04:49:42 cu-cs-vm kernel: [    0.073326] NetLabel:  unlabeled traffic allowed by default
Jan 29 04:49:42 cu-cs-vm kernel: [    0.073594] clocksource: Switched to clocksource kvm-clock
Jan 29 04:49:42 cu-cs-vm kernel: [    0.082515] VFS: Disk quotas dquot_6.6.0
Jan 29 04:49:42 cu-cs-vm kernel: [    0.082742] VFS: Dquot-cache hash table entries: 512 (order 0, 4096 bytes)
Jan 29 04:49:42 cu-cs-vm kernel: [    0.083095] AppArmor: AppArmor Filesystem Enabled
Jan 29 04:49:42 cu-cs-vm kernel: [    0.083343] pnp: PnP ACPI init
Jan 29 04:49:42 cu-cs-vm kernel: [    0.083638] pnp 00:00: Plug and Play ACPI device, IDs PNP0303 (active)
Jan 29 04:49:42 cu-cs-vm kernel: [    0.083689] pnp 00:01: Plug and Play ACPI device, IDs PNP0f03 (active)
Jan 29 04:49:42 cu-cs-vm kernel: [    0.084366] pnp: PnP ACPI: found 2 devices
Jan 29 04:49:42 cu-cs-vm kernel: [    0.092475] clocksource: acpi_pm: mask: 0xffffff max_cycles: 0xffffff, max_idle_ns: 2085701024 ns
Jan 29 04:49:42 cu-cs-vm kernel: [    0.092896] pci_bus 0000:00: resource 4 [io  0x0000-0x0cf7 window]
Jan 29 04:49:42 cu-cs-vm kernel: [    0.092897] pci_bus 0000:00: resource 5 [io  0x0d00-0xffff window]
Jan 29 04:49:42 cu-cs-vm kernel: [    0.092898] pci_bus 0000:00: resource 6 [mem 0x000a0000-0x000bffff window]
Jan 29 04:49:42 cu-cs-vm kernel: [    0.092899] pci_bus 0000:00: resource 7 [mem 0x80000000-0xfdffffff window]
Jan 29 04:49:42 cu-cs-vm kernel: [    0.092931] NET: Registered protocol family 2
Jan 29 04:49:42 cu-cs-vm kernel: [    0.094434] TCP established hash table entries: 16384 (order: 5, 131072 bytes)
Jan 29 04:49:42 cu-cs-vm kernel: [    0.095030] TCP bind hash table entries: 16384 (order: 6, 262144 bytes)
Jan 29 04:49:42 cu-cs-vm kernel: [    0.095412] TCP: Hash tables configured (established 16384 bind 16384)
Jan 29 04:49:42 cu-cs-vm kernel: [    0.095711] UDP hash table entries: 1024 (order: 3, 32768 bytes)
Jan 29 04:49:42 cu-cs-vm kernel: [    0.095983] UDP-Lite hash table entries: 1024 (order: 3, 32768 bytes)
Jan 29 04:49:42 cu-cs-vm kernel: [    0.096295] NET: Registered protocol family 1
Jan 29 04:49:42 cu-cs-vm kernel: [    0.096521] pci 0000:00:00.0: Limiting direct PCI/PCI transfers
Jan 29 04:49:42 cu-cs-vm kernel: [    0.096808] pci 0000:00:01.0: Activating ISA DMA hang workarounds
Jan 29 04:49:42 cu-cs-vm kernel: [    0.097144] pci 0000:00:02.0: Video device with shadowed ROM at [mem 0x000c0000-0x000dffff]
Jan 29 04:49:42 cu-cs-vm kernel: [    0.098680] PCI: CLS 0 bytes, default 64
Jan 29 04:49:42 cu-cs-vm kernel: [    0.098703] Unpacking initramfs...
Jan 29 04:49:42 cu-cs-vm kernel: [    4.793609] Freeing initrd memory: 440388K
Jan 29 04:49:42 cu-cs-vm kernel: [    4.794011] platform rtc_cmos: registered platform RTC device (no PNP device found)
Jan 29 04:49:42 cu-cs-vm kernel: [    4.794350] Scanning for low memory corruption every 60 seconds
Jan 29 04:49:42 cu-cs-vm kernel: [    4.795131] Initialise system trusted keyrings
Jan 29 04:49:42 cu-cs-vm kernel: [    4.795365] Key type blacklist registered
Jan 29 04:49:42 cu-cs-vm kernel: [    4.795713] workingset: timestamp_bits=36 max_order=19 bucket_order=0
Jan 29 04:49:42 cu-cs-vm kernel: [    4.796808] zbud: loaded
Jan 29 04:49:42 cu-cs-vm kernel: [    4.797311] squashfs: version 4.0 (2009/01/31) Phillip Lougher
Jan 29 04:49:42 cu-cs-vm kernel: [    4.797805] fuse init (API version 7.26)
Jan 29 04:49:42 cu-cs-vm kernel: [    4.801481] Key type asymmetric registered
Jan 29 04:49:42 cu-cs-vm kernel: [    4.801669] Asymmetric key parser 'x509' registered
Jan 29 04:49:42 cu-cs-vm kernel: [    4.801889] Block layer SCSI generic (bsg) driver version 0.4 loaded (major 246)
Jan 29 04:49:42 cu-cs-vm kernel: [    4.802258] io scheduler noop registered
Jan 29 04:49:42 cu-cs-vm kernel: [    4.802441] io scheduler deadline registered
Jan 29 04:49:42 cu-cs-vm kernel: [    4.802643] io scheduler cfq registered (default)
Jan 29 04:49:42 cu-cs-vm kernel: [    4.802939] intel_idle: Please enable MWAIT in BIOS SETUP
Jan 29 04:49:42 cu-cs-vm kernel: [    4.803016] ACPI: AC Adapter [AC] (on-line)
Jan 29 04:49:42 cu-cs-vm kernel: [    4.803268] input: Power Button as /devices/LNXSYSTM:00/LNXPWRBN:00/input/input0
Jan 29 04:49:42 cu-cs-vm kernel: [    4.803701] ACPI: Power Button [PWRF]
Jan 29 04:49:42 cu-cs-vm kernel: [    4.803953] input: Sleep Button as /devices/LNXSYSTM:00/LNXSLPBN:00/input/input1
Jan 29 04:49:42 cu-cs-vm kernel: [    4.804331] ACPI: Sleep Button [SLPF]
Jan 29 04:49:42 cu-cs-vm kernel: [    4.804721] Serial: 8250/16550 driver, 32 ports, IRQ sharing enabled
Jan 29 04:49:42 cu-cs-vm kernel: [    4.805378] ACPI: Battery Slot [BAT0] (battery present)
Jan 29 04:49:42 cu-cs-vm kernel: [    4.805916] Linux agpgart interface v0.103
Jan 29 04:49:42 cu-cs-vm kernel: [    4.806867] loop: module loaded
Jan 29 04:49:42 cu-cs-vm kernel: [    4.807112] libphy: Fixed MDIO Bus: probed
Jan 29 04:49:42 cu-cs-vm kernel: [    4.807298] tun: Universal TUN/TAP device driver, 1.6
Jan 29 04:49:42 cu-cs-vm kernel: [    4.807518] PPP generic driver version 2.4.2
Jan 29 04:49:42 cu-cs-vm kernel: [    4.807722] ehci_hcd: USB 2.0 'Enhanced' Host Controller (EHCI) Driver
Jan 29 04:49:42 cu-cs-vm kernel: [    4.807967] ehci-pci: EHCI PCI platform driver
Jan 29 04:49:42 cu-cs-vm kernel: [    4.808164] ehci-platform: EHCI generic platform driver
Jan 29 04:49:42 cu-cs-vm kernel: [    4.808379] ohci_hcd: USB 1.1 'Open' Host Controller (OHCI) Driver
Jan 29 04:49:42 cu-cs-vm kernel: [    4.808614] ohci-pci: OHCI PCI platform driver
Jan 29 04:49:42 cu-cs-vm kernel: [    4.809581] ohci-pci 0000:00:06.0: OHCI PCI host controller
Jan 29 04:49:42 cu-cs-vm kernel: [    4.809843] ohci-pci 0000:00:06.0: new USB bus registered, assigned bus number 1
Jan 29 04:49:42 cu-cs-vm kernel: [    4.810269] ohci-pci 0000:00:06.0: irq 22, io mem 0xf0404000
Jan 29 04:49:42 cu-cs-vm kernel: [    4.869109] usb usb1: New USB device found, idVendor=1d6b, idProduct=0001
Jan 29 04:49:42 cu-cs-vm kernel: [    4.869411] usb usb1: New USB device strings: Mfr=3, Product=2, SerialNumber=1
Jan 29 04:49:42 cu-cs-vm kernel: [    4.869779] usb usb1: Product: OHCI PCI host controller
Jan 29 04:49:42 cu-cs-vm kernel: [    4.870025] usb usb1: Manufacturer: Linux 4.15.18revision1 ohci_hcd
Jan 29 04:49:42 cu-cs-vm kernel: [    4.870364] usb usb1: SerialNumber: 0000:00:06.0
Jan 29 04:49:42 cu-cs-vm kernel: [    4.870669] hub 1-0:1.0: USB hub found
Jan 29 04:49:42 cu-cs-vm kernel: [    4.870883] hub 1-0:1.0: 12 ports detected
Jan 29 04:49:42 cu-cs-vm kernel: [    4.871453] ohci-platform: OHCI generic platform driver
Jan 29 04:49:42 cu-cs-vm kernel: [    4.871707] uhci_hcd: USB Universal Host Controller Interface driver
Jan 29 04:49:42 cu-cs-vm kernel: [    4.872050] i8042: PNP: PS/2 Controller [PNP0303:PS2K,PNP0f03:PS2M] at 0x60,0x64 irq 1,12
Jan 29 04:49:42 cu-cs-vm kernel: [    4.872843] serio: i8042 KBD port at 0x60,0x64 irq 1
Jan 29 04:49:42 cu-cs-vm kernel: [    4.873120] serio: i8042 AUX port at 0x60,0x64 irq 12
Jan 29 04:49:42 cu-cs-vm kernel: [    4.873410] mousedev: PS/2 mouse device common for all mice
Jan 29 04:49:42 cu-cs-vm kernel: [    4.873961] rtc_cmos rtc_cmos: rtc core: registered rtc_cmos as rtc0
Jan 29 04:49:42 cu-cs-vm kernel: [    4.874359] rtc_cmos rtc_cmos: alarms up to one day, 114 bytes nvram
Jan 29 04:49:42 cu-cs-vm kernel: [    4.874651] i2c /dev entries driver
Jan 29 04:49:42 cu-cs-vm kernel: [    4.874895] device-mapper: uevent: version 1.0.3
Jan 29 04:49:42 cu-cs-vm kernel: [    4.875182] input: AT Translated Set 2 keyboard as /devices/platform/i8042/serio0/input/input2
Jan 29 04:49:42 cu-cs-vm kernel: [    4.875742] device-mapper: ioctl: 4.37.0-ioctl (2017-09-20) initialised: dm-devel@redhat.com
Jan 29 04:49:42 cu-cs-vm kernel: [    4.876276] ledtrig-cpu: registered to indicate activity on CPUs
Jan 29 04:49:42 cu-cs-vm kernel: [    4.877111] NET: Registered protocol family 10
Jan 29 04:49:42 cu-cs-vm kernel: [    4.881104] Segment Routing with IPv6
Jan 29 04:49:42 cu-cs-vm kernel: [    4.881289] NET: Registered protocol family 17
Jan 29 04:49:42 cu-cs-vm kernel: [    4.881587] Key type dns_resolver registered
Jan 29 04:49:42 cu-cs-vm kernel: [    4.881972] RAS: Correctable Errors collector initialized.
Jan 29 04:49:42 cu-cs-vm kernel: [    4.882196] sched_clock: Marking stable (4881928708, 0)->(5074368432, -192439724)
Jan 29 04:49:42 cu-cs-vm kernel: [    4.882734] registered taskstats version 1
Jan 29 04:49:42 cu-cs-vm kernel: [    4.882955] Loading compiled-in X.509 certificates
Jan 29 04:49:42 cu-cs-vm kernel: [    4.884994] Loaded X.509 cert 'Build time autogenerated kernel key: ea57da0f10025e429c68fd4dc11e742163d54891'
Jan 29 04:49:42 cu-cs-vm kernel: [    4.885447] zswap: loaded using pool lzo/zbud
Jan 29 04:49:42 cu-cs-vm kernel: [    4.889034] Key type big_key registered
Jan 29 04:49:42 cu-cs-vm kernel: [    4.889215] Key type trusted registered
Jan 29 04:49:42 cu-cs-vm kernel: [    4.890946] Key type encrypted registered
Jan 29 04:49:42 cu-cs-vm kernel: [    4.891131] AppArmor: AppArmor sha1 policy hashing enabled
Jan 29 04:49:42 cu-cs-vm kernel: [    4.891346] ima: No TPM chip found, activating TPM-bypass! (rc=-19)
Jan 29 04:49:42 cu-cs-vm kernel: [    4.891597] ima: Allocated hash algorithm: sha1
Jan 29 04:49:42 cu-cs-vm kernel: [    4.891873] evm: HMAC attrs: 0x1
Jan 29 04:49:42 cu-cs-vm kernel: [    4.892272]   Magic number: 3:103:834
Jan 29 04:49:42 cu-cs-vm kernel: [    4.892596] rtc_cmos rtc_cmos: setting system clock to 2019-01-29 11:49:27 UTC (1548762567)
Jan 29 04:49:42 cu-cs-vm kernel: [    4.893111] BIOS EDD facility v0.16 2004-Jun-25, 0 devices found
Jan 29 04:49:42 cu-cs-vm kernel: [    4.893343] EDD information not available.
Jan 29 04:49:42 cu-cs-vm kernel: [    4.894942] Freeing unused kernel memory: 2408K
Jan 29 04:49:42 cu-cs-vm kernel: [    4.908830] Write protecting the kernel read-only data: 20480k
Jan 29 04:49:42 cu-cs-vm kernel: [    4.909530] Freeing unused kernel memory: 2008K
Jan 29 04:49:42 cu-cs-vm kernel: [    4.912915] Freeing unused kernel memory: 1940K
Jan 29 04:49:42 cu-cs-vm kernel: [    4.919585] x86/mm: Checked W+X mappings: passed, no W+X pages found.
Jan 29 04:49:42 cu-cs-vm kernel: [    4.919867] x86/mm: Checking user space page tables
Jan 29 04:49:42 cu-cs-vm kernel: [    4.926708] x86/mm: Checked W+X mappings: passed, no W+X pages found.
Jan 29 04:49:42 cu-cs-vm kernel: [    4.935439] random: systemd-udevd: uninitialized urandom read (16 bytes read)
Jan 29 04:49:42 cu-cs-vm kernel: [    4.935743] random: udevadm: uninitialized urandom read (16 bytes read)
Jan 29 04:49:42 cu-cs-vm kernel: [    4.935794] random: systemd-udevd: uninitialized urandom read (16 bytes read)
Jan 29 04:49:42 cu-cs-vm kernel: [    4.965907] ACPI: Video Device [GFX0] (multi-head: yes  rom: no  post: no)
Jan 29 04:49:42 cu-cs-vm kernel: [    4.966257] input: Video Bus as /devices/LNXSYSTM:00/LNXSYBUS:00/PNP0A03:00/LNXVIDEO:00/input/input4
Jan 29 04:49:42 cu-cs-vm kernel: [    5.000619] e1000: Intel(R) PRO/1000 Network Driver - version 7.3.21-k8-NAPI
Jan 29 04:49:42 cu-cs-vm kernel: [    5.000941] e1000: Copyright (c) 1999-2006 Intel Corporation.
Jan 29 04:49:42 cu-cs-vm kernel: [    5.001661] ahci 0000:00:0d.0: version 3.0
Jan 29 04:49:42 cu-cs-vm kernel: [    5.009919] ahci 0000:00:0d.0: SSS flag set, parallel bus scan disabled
Jan 29 04:49:42 cu-cs-vm kernel: [    5.010682] Fusion MPT base driver 3.04.20
Jan 29 04:49:42 cu-cs-vm kernel: [    5.011057] Copyright (c) 1999-2008 LSI Corporation
Jan 29 04:49:42 cu-cs-vm kernel: [    5.011316] ahci 0000:00:0d.0: AHCI 0001.0100 32 slots 30 ports 3 Gbps 0x3fffffff impl SATA mode
Jan 29 04:49:42 cu-cs-vm kernel: [    5.011318] ahci 0000:00:0d.0: flags: 64bit ncq stag only ccc 
Jan 29 04:49:42 cu-cs-vm kernel: [    5.020375] scsi host0: ahci
Jan 29 04:49:42 cu-cs-vm kernel: [    5.021665] Fusion MPT SPI Host driver 3.04.20
Jan 29 04:49:42 cu-cs-vm kernel: [    5.022126] scsi host1: ahci
Jan 29 04:49:42 cu-cs-vm kernel: [    5.022630] scsi host2: ahci
Jan 29 04:49:42 cu-cs-vm kernel: [    5.022932] scsi host3: ahci
Jan 29 04:49:42 cu-cs-vm kernel: [    5.023318] scsi host4: ahci
Jan 29 04:49:42 cu-cs-vm kernel: [    5.023745] scsi host5: ahci
Jan 29 04:49:42 cu-cs-vm kernel: [    5.024388] scsi host6: ahci
Jan 29 04:49:42 cu-cs-vm kernel: [    5.024781] scsi host7: ahci
Jan 29 04:49:42 cu-cs-vm kernel: [    5.025177] scsi host8: ahci
Jan 29 04:49:42 cu-cs-vm kernel: [    5.025579] scsi host9: ahci
Jan 29 04:49:42 cu-cs-vm kernel: [    5.025992] scsi host10: ahci
Jan 29 04:49:42 cu-cs-vm kernel: [    5.026393] scsi host11: ahci
Jan 29 04:49:42 cu-cs-vm kernel: [    5.026756] scsi host12: ahci
Jan 29 04:49:42 cu-cs-vm kernel: [    5.027198] scsi host13: ahci
Jan 29 04:49:42 cu-cs-vm kernel: [    5.027591] scsi host14: ahci
Jan 29 04:49:42 cu-cs-vm kernel: [    5.028003] scsi host15: ahci
Jan 29 04:49:42 cu-cs-vm kernel: [    5.028476] scsi host16: ahci
Jan 29 04:49:42 cu-cs-vm kernel: [    5.028870] scsi host17: ahci
Jan 29 04:49:42 cu-cs-vm kernel: [    5.029273] scsi host18: ahci
Jan 29 04:49:42 cu-cs-vm kernel: [    5.029696] scsi host19: ahci
Jan 29 04:49:42 cu-cs-vm kernel: [    5.030095] scsi host20: ahci
Jan 29 04:49:42 cu-cs-vm kernel: [    5.030491] scsi host21: ahci
Jan 29 04:49:42 cu-cs-vm kernel: [    5.030890] scsi host22: ahci
Jan 29 04:49:42 cu-cs-vm kernel: [    5.031285] scsi host23: ahci
Jan 29 04:49:42 cu-cs-vm kernel: [    5.031637] scsi host24: ahci
Jan 29 04:49:42 cu-cs-vm kernel: [    5.032042] scsi host25: ahci
Jan 29 04:49:42 cu-cs-vm kernel: [    5.032451] scsi host26: ahci
Jan 29 04:49:42 cu-cs-vm kernel: [    5.033666] scsi host27: ahci
Jan 29 04:49:42 cu-cs-vm kernel: [    5.034063] scsi host28: ahci
Jan 29 04:49:42 cu-cs-vm kernel: [    5.034477] scsi host29: ahci
Jan 29 04:49:42 cu-cs-vm kernel: [    5.034767] ata1: SATA max UDMA/133 abar m8192@0xf0406000 port 0xf0406100 irq 21
Jan 29 04:49:42 cu-cs-vm kernel: [    5.035139] ata2: SATA max UDMA/133 abar m8192@0xf0406000 port 0xf0406180 irq 21
Jan 29 04:49:42 cu-cs-vm kernel: [    5.035508] ata3: SATA max UDMA/133 abar m8192@0xf0406000 port 0xf0406200 irq 21
Jan 29 04:49:42 cu-cs-vm kernel: [    5.035877] ata4: SATA max UDMA/133 abar m8192@0xf0406000 port 0xf0406280 irq 21
Jan 29 04:49:42 cu-cs-vm kernel: [    5.036245] ata5: SATA max UDMA/133 abar m8192@0xf0406000 port 0xf0406300 irq 21
Jan 29 04:49:42 cu-cs-vm kernel: [    5.036646] ata6: SATA max UDMA/133 abar m8192@0xf0406000 port 0xf0406380 irq 21
Jan 29 04:49:42 cu-cs-vm kernel: [    5.037014] ata7: SATA max UDMA/133 abar m8192@0xf0406000 port 0xf0406400 irq 21
Jan 29 04:49:42 cu-cs-vm kernel: [    5.037382] ata8: SATA max UDMA/133 abar m8192@0xf0406000 port 0xf0406480 irq 21
Jan 29 04:49:42 cu-cs-vm kernel: [    5.037804] ata9: SATA max UDMA/133 abar m8192@0xf0406000 port 0xf0406500 irq 21
Jan 29 04:49:42 cu-cs-vm kernel: [    5.038173] ata10: SATA max UDMA/133 abar m8192@0xf0406000 port 0xf0406580 irq 21
Jan 29 04:49:42 cu-cs-vm kernel: [    5.038544] ata11: SATA max UDMA/133 abar m8192@0xf0406000 port 0xf0406600 irq 21
Jan 29 04:49:42 cu-cs-vm kernel: [    5.038914] ata12: SATA max UDMA/133 abar m8192@0xf0406000 port 0xf0406680 irq 21
Jan 29 04:49:42 cu-cs-vm kernel: [    5.039285] ata13: SATA max UDMA/133 abar m8192@0xf0406000 port 0xf0406700 irq 21
Jan 29 04:49:42 cu-cs-vm kernel: [    5.039656] ata14: SATA max UDMA/133 abar m8192@0xf0406000 port 0xf0406780 irq 21
Jan 29 04:49:42 cu-cs-vm kernel: [    5.040026] ata15: SATA max UDMA/133 abar m8192@0xf0406000 port 0xf0406800 irq 21
Jan 29 04:49:42 cu-cs-vm kernel: [    5.040466] ata16: SATA max UDMA/133 abar m8192@0xf0406000 port 0xf0406880 irq 21
Jan 29 04:49:42 cu-cs-vm kernel: [    5.040865] ata17: SATA max UDMA/133 abar m8192@0xf0406000 port 0xf0406900 irq 21
Jan 29 04:49:42 cu-cs-vm kernel: [    5.041236] ata18: SATA max UDMA/133 abar m8192@0xf0406000 port 0xf0406980 irq 21
Jan 29 04:49:42 cu-cs-vm kernel: [    5.041608] ata19: SATA max UDMA/133 abar m8192@0xf0406000 port 0xf0406a00 irq 21
Jan 29 04:49:42 cu-cs-vm kernel: [    5.041978] ata20: SATA max UDMA/133 abar m8192@0xf0406000 port 0xf0406a80 irq 21
Jan 29 04:49:42 cu-cs-vm kernel: [    5.042349] ata21: SATA max UDMA/133 abar m8192@0xf0406000 port 0xf0406b00 irq 21
Jan 29 04:49:42 cu-cs-vm kernel: [    5.042720] ata22: SATA max UDMA/133 abar m8192@0xf0406000 port 0xf0406b80 irq 21
Jan 29 04:49:42 cu-cs-vm kernel: [    5.043091] ata23: SATA max UDMA/133 abar m8192@0xf0406000 port 0xf0406c00 irq 21
Jan 29 04:49:42 cu-cs-vm kernel: [    5.043462] ata24: SATA max UDMA/133 abar m8192@0xf0406000 port 0xf0406c80 irq 21
Jan 29 04:49:42 cu-cs-vm kernel: [    5.043833] ata25: SATA max UDMA/133 abar m8192@0xf0406000 port 0xf0406d00 irq 21
Jan 29 04:49:42 cu-cs-vm kernel: [    5.044204] ata26: SATA max UDMA/133 abar m8192@0xf0406000 port 0xf0406d80 irq 21
Jan 29 04:49:42 cu-cs-vm kernel: [    5.044843] ata27: SATA max UDMA/133 abar m8192@0xf0406000 port 0xf0406e00 irq 21
Jan 29 04:49:42 cu-cs-vm kernel: [    5.045216] ata28: SATA max UDMA/133 abar m8192@0xf0406000 port 0xf0406e80 irq 21
Jan 29 04:49:42 cu-cs-vm kernel: [    5.045589] ata29: SATA max UDMA/133 abar m8192@0xf0406000 port 0xf0406f00 irq 21
Jan 29 04:49:42 cu-cs-vm kernel: [    5.045962] ata30: SATA max UDMA/133 abar m8192@0xf0406000 port 0xf0406f80 irq 21
Jan 29 04:49:42 cu-cs-vm kernel: [    5.221323] input: ImExPS/2 Generic Explorer Mouse as /devices/platform/i8042/serio1/input/input5
Jan 29 04:49:42 cu-cs-vm kernel: [    5.356880] ata1: SATA link up 3.0 Gbps (SStatus 123 SControl 300)
Jan 29 04:49:42 cu-cs-vm kernel: [    5.357336] ata1.00: ATAPI: VBOX CD-ROM, 1.0, max UDMA/133
Jan 29 04:49:42 cu-cs-vm kernel: [    5.357618] ata1.00: applying bridge limits
Jan 29 04:49:42 cu-cs-vm kernel: [    5.358118] ata1.00: configured for UDMA/100
Jan 29 04:49:42 cu-cs-vm kernel: [    5.360314] scsi 0:0:0:0: CD-ROM            VBOX     CD-ROM           1.0  PQ: 0 ANSI: 5
Jan 29 04:49:42 cu-cs-vm kernel: [    5.361151] sr 0:0:0:0: [sr0] scsi3-mmc drive: 32x/32x xa/form2 tray
Jan 29 04:49:42 cu-cs-vm kernel: [    5.361419] cdrom: Uniform CD-ROM driver Revision: 3.20
Jan 29 04:49:42 cu-cs-vm kernel: [    5.361812] sr 0:0:0:0: Attached scsi CD-ROM sr0
Jan 29 04:49:42 cu-cs-vm kernel: [    5.361845] sr 0:0:0:0: Attached scsi generic sg0 type 5
Jan 29 04:49:42 cu-cs-vm kernel: [    5.425928] e1000 0000:00:11.0 eth0: (PCI:33MHz:32-bit) 08:00:27:ef:7a:7c
Jan 29 04:49:42 cu-cs-vm kernel: [    5.426224] e1000 0000:00:11.0 eth0: Intel(R) PRO/1000 Network Connection
Jan 29 04:49:42 cu-cs-vm kernel: [    5.427321] e1000 0000:00:11.0 enp0s17: renamed from eth0
Jan 29 04:49:42 cu-cs-vm kernel: [    5.427701] mptbase: ioc0: Initiating bringup
Jan 29 04:49:42 cu-cs-vm kernel: [    5.521152] ioc0: LSI53C1030 A0: Capabilities={Initiator}
Jan 29 04:49:42 cu-cs-vm kernel: [    5.674090] ata2: SATA link down (SStatus 0 SControl 300)
Jan 29 04:49:42 cu-cs-vm kernel: [    5.762554] scsi host30: ioc0: LSI53C1030 A0, FwRev=00000000h, Ports=1, MaxQ=256, IRQ=20
Jan 29 04:49:42 cu-cs-vm kernel: [    5.824711] tsc: Refined TSC clocksource calibration: 2904.032 MHz
Jan 29 04:49:42 cu-cs-vm kernel: [    5.825003] clocksource: tsc: mask: 0xffffffffffffffff max_cycles: 0x29dc23d755c, max_idle_ns: 440795302529 ns
Jan 29 04:49:42 cu-cs-vm kernel: [    5.932421] scsi 30:0:0:0: Direct-Access     VBOX     HARDDISK         1.0  PQ: 0 ANSI: 5
Jan 29 04:49:42 cu-cs-vm kernel: [    5.968020] scsi target30:0:0: Beginning Domain Validation
Jan 29 04:49:42 cu-cs-vm kernel: [    5.969890] scsi target30:0:0: Domain Validation skipping write tests
Jan 29 04:49:42 cu-cs-vm kernel: [    5.970134] scsi target30:0:0: Ending Domain Validation
Jan 29 04:49:42 cu-cs-vm kernel: [    5.970376] scsi target30:0:0: asynchronous
Jan 29 04:49:42 cu-cs-vm kernel: [    5.973161] sd 30:0:0:0: [sda] 134217728 512-byte logical blocks: (68.7 GB/64.0 GiB)
Jan 29 04:49:42 cu-cs-vm kernel: [    5.973582] sd 30:0:0:0: [sda] Write Protect is off
Jan 29 04:49:42 cu-cs-vm kernel: [    5.973861] sd 30:0:0:0: [sda] Mode Sense: 04 00 10 00
Jan 29 04:49:42 cu-cs-vm kernel: [    5.973931] sd 30:0:0:0: [sda] Incomplete mode parameter data
Jan 29 04:49:42 cu-cs-vm kernel: [    5.974194] sd 30:0:0:0: [sda] Assuming drive cache: write through
Jan 29 04:49:42 cu-cs-vm kernel: [    5.974475] sd 30:0:0:0: Attached scsi generic sg1 type 0
Jan 29 04:49:42 cu-cs-vm kernel: [    5.976534]  sda: sda1 sda2 < sda5 >
Jan 29 04:49:42 cu-cs-vm kernel: [    5.977721] random: fast init done
Jan 29 04:49:42 cu-cs-vm kernel: [    5.978003] sd 30:0:0:0: [sda] Attached SCSI disk
Jan 29 04:49:42 cu-cs-vm kernel: [    5.985025] ata3: SATA link down (SStatus 0 SControl 300)
Jan 29 04:49:42 cu-cs-vm kernel: [    6.304634] ata4: SATA link down (SStatus 0 SControl 300)
Jan 29 04:49:42 cu-cs-vm kernel: [    6.618100] ata5: SATA link down (SStatus 0 SControl 300)
Jan 29 04:49:42 cu-cs-vm kernel: [    6.929409] ata6: SATA link down (SStatus 0 SControl 300)
Jan 29 04:49:42 cu-cs-vm kernel: [    7.742031] ata7: SATA link down (SStatus 0 SControl 300)
Jan 29 04:49:42 cu-cs-vm kernel: [    8.385185] ata8: SATA link down (SStatus 0 SControl 300)
Jan 29 04:49:42 cu-cs-vm kernel: [    8.809651] ata9: SATA link down (SStatus 0 SControl 300)
Jan 29 04:49:42 cu-cs-vm kernel: [    9.384988] ata10: SATA link down (SStatus 0 SControl 300)
Jan 29 04:49:42 cu-cs-vm kernel: [    9.821526] ata11: SATA link down (SStatus 0 SControl 300)
Jan 29 04:49:42 cu-cs-vm kernel: [   10.388506] ata12: SATA link down (SStatus 0 SControl 300)
Jan 29 04:49:42 cu-cs-vm kernel: [   10.813929] ata13: SATA link down (SStatus 0 SControl 300)
Jan 29 04:49:42 cu-cs-vm kernel: [   11.387985] ata14: SATA link down (SStatus 0 SControl 300)
Jan 29 04:49:42 cu-cs-vm kernel: [   11.826943] ata15: SATA link down (SStatus 0 SControl 300)
Jan 29 04:49:42 cu-cs-vm kernel: [   12.382406] ata16: SATA link down (SStatus 0 SControl 300)
Jan 29 04:49:42 cu-cs-vm kernel: [   12.802317] ata17: SATA link down (SStatus 0 SControl 300)
Jan 29 04:49:42 cu-cs-vm kernel: [   13.383182] ata18: SATA link down (SStatus 0 SControl 300)
Jan 29 04:49:42 cu-cs-vm kernel: [   13.816310] ata19: SATA link down (SStatus 0 SControl 300)
Jan 29 04:49:42 cu-cs-vm kernel: [   14.383673] ata20: SATA link down (SStatus 0 SControl 300)
Jan 29 04:49:42 cu-cs-vm kernel: [   14.810351] ata21: SATA link down (SStatus 0 SControl 300)
Jan 29 04:49:42 cu-cs-vm kernel: [   15.385417] ata22: SATA link down (SStatus 0 SControl 300)
Jan 29 04:49:42 cu-cs-vm kernel: [   15.808072] ata23: SATA link down (SStatus 0 SControl 300)
Jan 29 04:49:42 cu-cs-vm kernel: [   16.384257] ata24: SATA link down (SStatus 0 SControl 300)
Jan 29 04:49:42 cu-cs-vm kernel: [   16.863249] ata25: SATA link down (SStatus 0 SControl 300)
Jan 29 04:49:42 cu-cs-vm kernel: [   17.396432] ata26: SATA link down (SStatus 0 SControl 300)
Jan 29 04:49:42 cu-cs-vm kernel: [   17.709534] ata27: SATA link down (SStatus 0 SControl 300)
Jan 29 04:49:42 cu-cs-vm kernel: [   18.025930] ata28: SATA link down (SStatus 0 SControl 300)
Jan 29 04:49:42 cu-cs-vm kernel: [   18.337607] ata29: SATA link down (SStatus 0 SControl 300)
Jan 29 04:49:42 cu-cs-vm kernel: [   18.705346] ata30: SATA link down (SStatus 0 SControl 300)
Jan 29 04:49:42 cu-cs-vm kernel: [   18.895064] EXT4-fs (sda1): mounted filesystem with ordered data mode. Opts: (null)
Jan 29 04:49:42 cu-cs-vm kernel: [   19.225182] lp: driver loaded but no devices found
Jan 29 04:49:42 cu-cs-vm kernel: [   19.239558] ppdev: user-space parallel port driver
Jan 29 04:49:42 cu-cs-vm kernel: [   19.359736] EXT4-fs (sda1): re-mounted. Opts: errors=remount-ro
Jan 29 04:49:42 cu-cs-vm kernel: [   19.538503] piix4_smbus 0000:00:07.0: SMBus Host Controller at 0x4100, revision 0
Jan 29 04:49:42 cu-cs-vm kernel: [   19.672529] audit: type=1400 audit(1548762582.276:2): apparmor="STATUS" operation="profile_load" profile="unconfined" name="/sbin/dhclient" pid=488 comm="apparmor_parser"
Jan 29 04:49:42 cu-cs-vm kernel: [   19.672530] audit: type=1400 audit(1548762582.276:3): apparmor="STATUS" operation="profile_load" profile="unconfined" name="/usr/lib/NetworkManager/nm-dhcp-client.action" pid=488 comm="apparmor_parser"
Jan 29 04:49:42 cu-cs-vm kernel: [   19.672531] audit: type=1400 audit(1548762582.276:4): apparmor="STATUS" operation="profile_load" profile="unconfined" name="/usr/lib/NetworkManager/nm-dhcp-helper" pid=488 comm="apparmor_parser"
Jan 29 04:49:42 cu-cs-vm kernel: [   19.672532] audit: type=1400 audit(1548762582.276:5): apparmor="STATUS" operation="profile_load" profile="unconfined" name="/usr/lib/connman/scripts/dhclient-script" pid=488 comm="apparmor_parser"
Jan 29 04:49:42 cu-cs-vm kernel: [   19.686920] audit: type=1400 audit(1548762582.288:6): apparmor="STATUS" operation="profile_load" profile="unconfined" name="/usr/lib/lightdm/lightdm-guest-session" pid=487 comm="apparmor_parser"
Jan 29 04:49:42 cu-cs-vm kernel: [   19.686921] audit: type=1400 audit(1548762582.288:7): apparmor="STATUS" operation="profile_load" profile="unconfined" name="/usr/lib/lightdm/lightdm-guest-session//chromium" pid=487 comm="apparmor_parser"
Jan 29 04:49:42 cu-cs-vm kernel: [   19.700327] vboxguest: loading out-of-tree module taints kernel.
Jan 29 04:49:42 cu-cs-vm kernel: [   19.702874] audit: type=1400 audit(1548762582.304:8): apparmor="STATUS" operation="profile_load" profile="unconfined" name="/usr/lib/snapd/snap-confine" pid=494 comm="apparmor_parser"
Jan 29 04:49:42 cu-cs-vm kernel: [   19.702876] audit: type=1400 audit(1548762582.304:9): apparmor="STATUS" operation="profile_load" profile="unconfined" name="/usr/lib/snapd/snap-confine//mount-namespace-capture-helper" pid=494 comm="apparmor_parser"
Jan 29 04:49:42 cu-cs-vm kernel: [   19.712454] audit: type=1400 audit(1548762582.316:10): apparmor="STATUS" operation="profile_load" profile="unconfined" name="/usr/bin/evince" pid=490 comm="apparmor_parser"
Jan 29 04:49:42 cu-cs-vm kernel: [   19.712455] audit: type=1400 audit(1548762582.316:11): apparmor="STATUS" operation="profile_load" profile="unconfined" name="/usr/bin/evince//sanitized_helper" pid=490 comm="apparmor_parser"
Jan 29 04:49:42 cu-cs-vm kernel: [   19.716931] vgdrvHeartbeatInit: Setting up heartbeat to trigger every 2000 milliseconds
Jan 29 04:49:42 cu-cs-vm kernel: [   19.716990] input: Unspecified device as /devices/pci0000:00/0000:00:04.0/input/input6
Jan 29 04:49:42 cu-cs-vm kernel: [   19.718351] vboxguest: misc device minor 55, IRQ 20, I/O port d000, MMIO at 00000000f0000000 (size 0x400000)
Jan 29 04:49:42 cu-cs-vm kernel: [   19.718351] vboxguest: Successfully loaded version 6.0.2 (interface 0x00010004)
Jan 29 04:49:42 cu-cs-vm kernel: [   19.853795] RAPL PMU: API unit is 2^-32 Joules, 5 fixed counters, 10737418240 ms ovfl timer
Jan 29 04:49:42 cu-cs-vm kernel: [   19.853796] RAPL PMU: hw unit of domain pp0-core 2^-0 Joules
Jan 29 04:49:42 cu-cs-vm kernel: [   19.853796] RAPL PMU: hw unit of domain package 2^-0 Joules
Jan 29 04:49:42 cu-cs-vm kernel: [   19.853796] RAPL PMU: hw unit of domain dram 2^-0 Joules
Jan 29 04:49:42 cu-cs-vm kernel: [   19.853797] RAPL PMU: hw unit of domain pp1-gpu 2^-0 Joules
Jan 29 04:49:42 cu-cs-vm kernel: [   19.853797] RAPL PMU: hw unit of domain psys 2^-0 Joules
Jan 29 04:49:42 cu-cs-vm kernel: [   19.894848] AVX2 version of gcm_enc/dec engaged.
Jan 29 04:49:42 cu-cs-vm kernel: [   19.894849] AES CTR mode by8 optimization enabled
Jan 29 04:49:42 cu-cs-vm kernel: [   19.905733] [drm] VRAM 01000000
Jan 29 04:49:42 cu-cs-vm kernel: [   19.908833] [TTM] Zone  kernel: Available graphics memory: 1020584 kiB
Jan 29 04:49:42 cu-cs-vm kernel: [   19.908834] [TTM] Initializing pool allocator
Jan 29 04:49:42 cu-cs-vm kernel: [   19.908836] [TTM] Initializing DMA pool allocator
Jan 29 04:49:42 cu-cs-vm kernel: [   19.912951] fbcon: vboxdrmfb (fb0) is primary device
Jan 29 04:49:42 cu-cs-vm kernel: [   19.918248] Console: switching to colour frame buffer device 100x37
Jan 29 04:49:42 cu-cs-vm kernel: [   19.918870] vboxvideo 0000:00:02.0: fb0: vboxdrmfb frame buffer device
Jan 29 04:49:42 cu-cs-vm kernel: [   19.936309] [drm] Initialized vboxvideo 1.0.0 20130823 for 0000:00:02.0 on minor 0
Jan 29 04:49:42 cu-cs-vm kernel: [   20.067136] random: crng init done
Jan 29 04:49:42 cu-cs-vm kernel: [   20.067137] random: 7 urandom warning(s) missed due to ratelimiting
Jan 29 04:49:42 cu-cs-vm kernel: [   20.105403] Adding 998396k swap on /dev/sda5.  Priority:-2 extents:1 across:998396k FS
Jan 29 04:49:42 cu-cs-vm rsyslogd-2039: Could not open output pipe '/dev/xconsole':: No such file or directory [v8.16.0 try http://www.rsyslog.com/e/2039 ]
Jan 29 04:49:42 cu-cs-vm rsyslogd-2007: action 'action 10' suspended, next retry is Tue Jan 29 04:50:12 2019 [v8.16.0 try http://www.rsyslog.com/e/2007 ]
Jan 29 04:49:42 cu-cs-vm gpu-manager[755]: update-alternatives: error: no alternatives for x86_64-linux-gnu_gfxcore_conf
Jan 29 04:49:42 cu-cs-vm acpid: starting up with netlink and the input layer
Jan 29 04:49:42 cu-cs-vm acpid: 9 rules loaded
Jan 29 04:49:42 cu-cs-vm acpid: waiting for events: event logging is off
Jan 29 04:49:42 cu-cs-vm vboxadd[751]: VirtualBox Guest Additions: Starting.
Jan 29 04:49:43 cu-cs-vm dbus[777]: [system] AppArmor D-Bus mediation is enabled
Jan 29 04:49:43 cu-cs-vm avahi-daemon[756]: Found user 'avahi' (UID 111) and group 'avahi' (GID 120).
Jan 29 04:49:43 cu-cs-vm avahi-daemon[756]: Successfully dropped root privileges.
Jan 29 04:49:43 cu-cs-vm avahi-daemon[756]: avahi-daemon 0.6.32-rc starting up.
Jan 29 04:49:43 cu-cs-vm dbus[777]: [system] Activating systemd to hand-off: service name='org.freedesktop.PolicyKit1' unit='polkitd.service'
Jan 29 04:49:43 cu-cs-vm thermald[741]: NO RAPL sysfs present
Jan 29 04:49:43 cu-cs-vm thermald[741]: 22 CPUID levels; family:model:stepping 0x6:9e:a (6:158:10)
Jan 29 04:49:43 cu-cs-vm thermald[741]: Polling mode is enabled: 4
Jan 29 04:49:43 cu-cs-vm thermald[741]: Thermal DTS: No coretemp sysfs found
Jan 29 04:49:43 cu-cs-vm thermald[741]: Thermal DTS or hwmon: No Zones present Need to configure manually
Jan 29 04:49:43 cu-cs-vm thermald[741]: No thermal sensors found
Jan 29 04:49:43 cu-cs-vm thermald[741]: THD engine start failed
Jan 29 04:49:45 cu-cs-vm avahi-daemon[756]: Successfully called chroot().
Jan 29 04:49:45 cu-cs-vm avahi-daemon[756]: Successfully dropped remaining capabilities.
Jan 29 04:49:45 cu-cs-vm avahi-daemon[756]: No service file found in /etc/avahi/services.
Jan 29 04:49:45 cu-cs-vm dbus[777]: [system] Successfully activated service 'org.freedesktop.systemd1'
Jan 29 04:49:45 cu-cs-vm avahi-daemon[756]: Network interface enumeration completed.
Jan 29 04:49:45 cu-cs-vm avahi-daemon[756]: Server startup complete. Host name is cu-cs-vm.local. Local service cookie is 4166614527.
Jan 29 04:49:46 cu-cs-vm systemd[1]: Started Avahi mDNS/DNS-SD Stack.
Jan 29 04:49:46 cu-cs-vm systemd[1]: Starting Network Manager...
Jan 29 04:49:46 cu-cs-vm systemd[1]: Started Make remote CUPS printers available locally.
Jan 29 04:49:46 cu-cs-vm systemd[1]: Starting LSB: Record successful boot for GRUB...
Jan 29 04:49:46 cu-cs-vm systemd[1]: Starting Login Service...
Jan 29 04:49:46 cu-cs-vm systemd[1]: Starting Initialize hardware monitoring sensors...
Jan 29 04:49:46 cu-cs-vm systemd[1]: Started Run anacron jobs.
Jan 29 04:49:46 cu-cs-vm systemd[1]: Starting LSB: automatic crash report generation...
Jan 29 04:49:46 cu-cs-vm systemd[1]: Starting Snappy daemon...
Jan 29 04:49:46 cu-cs-vm systemd[1]: Started System Logging Service.
Jan 29 04:49:46 cu-cs-vm systemd[1]: Started Thermal Daemon Service.
Jan 29 04:49:46 cu-cs-vm systemd[1]: Started Restore /etc/resolv.conf if the system crashed before the ppp link was shut down.
Jan 29 04:49:46 cu-cs-vm systemd[1]: Started Permit User Sessions.
Jan 29 04:49:46 cu-cs-vm systemd[1]: Started Detect the available GPUs and deal with any system changes.
Jan 29 04:49:46 cu-cs-vm sensors[815]: No sensors found!
Jan 29 04:49:46 cu-cs-vm sensors[815]: Make sure you loaded all the kernel drivers you need.
Jan 29 04:49:46 cu-cs-vm sensors[815]: Try sensors-detect to find out which these are.
Jan 29 04:49:46 cu-cs-vm anacron[817]: Anacron 2.3 started on 2019-01-29
Jan 29 04:49:46 cu-cs-vm anacron[817]: Normal exit (0 jobs run)
Jan 29 04:49:46 cu-cs-vm sensors[832]: No sensors found!
Jan 29 04:49:46 cu-cs-vm sensors[832]: Make sure you loaded all the kernel drivers you need.
Jan 29 04:49:46 cu-cs-vm sensors[832]: Try sensors-detect to find out which these are.
Jan 29 04:49:46 cu-cs-vm systemd[1]: Started Initialize hardware monitoring sensors.
Jan 29 04:49:46 cu-cs-vm irqbalance[739]:  * Starting SMP IRQ Balancer: irqbalance
Jan 29 04:49:46 cu-cs-vm systemd[1]: Started LSB: Execute the kexec -e command to reboot system.
Jan 29 04:49:46 cu-cs-vm speech-dispatcher[758]:  * speech-dispatcher disabled; edit /etc/default/speech-dispatcher
Jan 29 04:49:47 cu-cs-vm systemd[1]: Started LSB: Set the CPU Frequency Scaling governor to "ondemand".
Jan 29 04:49:47 cu-cs-vm systemd[1]: Started LSB: Speech Dispatcher.
Jan 29 04:49:47 cu-cs-vm systemd[1]: Started Login Service.
Jan 29 04:49:47 cu-cs-vm systemd[1]: Starting Authenticate and Authorize Users to Run Privileged Tasks...
Jan 29 04:49:47 cu-cs-vm systemd[1]: Starting LSB: Load kernel image with kexec...
Jan 29 04:49:47 cu-cs-vm systemd[1]: Started LSB: Load kernel image with kexec.
Jan 29 04:49:47 cu-cs-vm apport[818]:  * Starting automatic crash report generation: apport
Jan 29 04:49:49 cu-cs-vm kernel: [   26.997209] snd_intel8x0 0000:00:05.0: intel8x0_measure_ac97_clock: measured 1502323 usecs (4096 samples)
Jan 29 04:49:49 cu-cs-vm kernel: [   26.997212] snd_intel8x0 0000:00:05.0: measured clock 2726 rejected
Jan 29 04:49:49 cu-cs-vm NetworkManager[811]: <info>  [1548762589.6507] NetworkManager (version 1.2.6) is starting...
Jan 29 04:49:49 cu-cs-vm NetworkManager[811]: <info>  [1548762589.6520] Read config: /etc/NetworkManager/NetworkManager.conf (etc: default-wifi-powersave-on.conf)
Jan 29 04:49:49 cu-cs-vm NetworkManager[811]: <info>  [1548762589.6572] manager[0x117a1c0]: monitoring kernel firmware directory '/lib/firmware'.
Jan 29 04:49:49 cu-cs-vm NetworkManager[811]: <info>  [1548762589.6575] monitoring ifupdown state file '/run/network/ifstate'.
Jan 29 04:49:49 cu-cs-vm NetworkManager[811]: <info>  [1548762589.6615] dns-mgr[0x1159960]: init: dns=dnsmasq, rc-manager=resolvconf, plugin=dnsmasq
Jan 29 04:49:49 cu-cs-vm systemd[1]: Started Network Manager.
Jan 29 04:49:49 cu-cs-vm systemd[1]: Reached target Network.
Jan 29 04:49:49 cu-cs-vm systemd[1]: Starting OpenBSD Secure Shell server...
Jan 29 04:49:49 cu-cs-vm systemd[1]: Started Unattended Upgrades Shutdown.
Jan 29 04:49:49 cu-cs-vm kernel: [   27.060112] snd_intel8x0 0000:00:05.0: intel8x0_measure_ac97_clock: measured 59310 usecs (2640 samples)
Jan 29 04:49:49 cu-cs-vm kernel: [   27.060114] snd_intel8x0 0000:00:05.0: clocking to 44100
Jan 29 04:49:49 cu-cs-vm dbus[777]: [system] Activating via systemd: service name='org.freedesktop.nm_dispatcher' unit='dbus-org.freedesktop.nm-dispatcher.service'
Jan 29 04:49:49 cu-cs-vm systemd[1]: Starting Network Manager Wait Online...
Jan 29 04:49:49 cu-cs-vm systemd[1]: Starting Network Manager Script Dispatcher Service...
Jan 29 04:49:49 cu-cs-vm systemd[1]: Reached target Sound Card.
Jan 29 04:49:49 cu-cs-vm snapd[819]: AppArmor status: apparmor is enabled and all features are available
Jan 29 04:49:49 cu-cs-vm irqbalance[739]:    ...done.
Jan 29 04:49:49 cu-cs-vm systemd[1]: Started LSB: daemon to balance interrupts for SMP systems.
Jan 29 04:49:49 cu-cs-vm apport[818]:    ...done.
Jan 29 04:49:49 cu-cs-vm systemd[1]: Started LSB: automatic crash report generation.
Jan 29 04:49:49 cu-cs-vm systemd[1]: Started LSB: Record successful boot for GRUB.
Jan 29 04:49:49 cu-cs-vm dbus[777]: [system] Successfully activated service 'org.freedesktop.nm_dispatcher'
Jan 29 04:49:49 cu-cs-vm systemd[1]: Started Network Manager Script Dispatcher Service.
Jan 29 04:49:49 cu-cs-vm NetworkManager[811]: <info>  [1548762589.7938] init!
Jan 29 04:49:49 cu-cs-vm NetworkManager[811]: <info>  [1548762589.7941] management mode: unmanaged
Jan 29 04:49:49 cu-cs-vm NetworkManager[811]: <info>  [1548762589.7946] devices added (path: /sys/devices/pci0000:00/0000:00:11.0/net/enp0s17, iface: enp0s17)
Jan 29 04:49:49 cu-cs-vm NetworkManager[811]: <info>  [1548762589.7946] device added (path: /sys/devices/pci0000:00/0000:00:11.0/net/enp0s17, iface: enp0s17): no ifupdown configuration found.
Jan 29 04:49:49 cu-cs-vm NetworkManager[811]: <info>  [1548762589.7946] devices added (path: /sys/devices/virtual/net/lo, iface: lo)
Jan 29 04:49:49 cu-cs-vm NetworkManager[811]: <info>  [1548762589.7946] device added (path: /sys/devices/virtual/net/lo, iface: lo): no ifupdown configuration found.
Jan 29 04:49:49 cu-cs-vm NetworkManager[811]: <info>  [1548762589.7946] end _init.
Jan 29 04:49:49 cu-cs-vm NetworkManager[811]: <info>  [1548762589.7947] settings: loaded plugin ifupdown: (C) 2008 Canonical Ltd.  To report bugs please use the NetworkManager mailing list. (/usr/lib/x86_64-linux-gnu/NetworkManager/libnm-settings-plugin-ifupdown.so)
Jan 29 04:49:49 cu-cs-vm NetworkManager[811]: <info>  [1548762589.7947] settings: loaded plugin keyfile: (c) 2007 - 2015 Red Hat, Inc.  To report bugs please use the NetworkManager mailing list.
Jan 29 04:49:49 cu-cs-vm NetworkManager[811]: <info>  [1548762589.7988] SettingsPlugin-Ofono: init!
Jan 29 04:49:49 cu-cs-vm polkitd[852]: started daemon version 0.105 using authority implementation `local' version `0.105'
Jan 29 04:49:49 cu-cs-vm NetworkManager[811]: <warn>  [1548762589.7988] SettingsPlugin-Ofono: file doesn't exist: /var/lib/ofono
Jan 29 04:49:49 cu-cs-vm NetworkManager[811]: <info>  [1548762589.7989] SettingsPlugin-Ofono: end _init.
Jan 29 04:49:49 cu-cs-vm dbus[777]: [system] Activating via systemd: service name='org.freedesktop.hostname1' unit='dbus-org.freedesktop.hostname1.service'
Jan 29 04:49:49 cu-cs-vm NetworkManager[811]: <info>  [1548762589.7989] settings: loaded plugin ofono: (C) 2013-2016 Canonical Ltd.  To report bugs please use the NetworkManager mailing list. (/usr/lib/x86_64-linux-gnu/NetworkManager/libnm-settings-plugin-ofono.so)
Jan 29 04:49:49 cu-cs-vm dbus[777]: [system] Successfully activated service 'org.freedesktop.PolicyKit1'
Jan 29 04:49:49 cu-cs-vm NetworkManager[811]: <info>  [1548762589.7989] (18448288) ... get_connections.
Jan 29 04:49:49 cu-cs-vm NetworkManager[811]: <info>  [1548762589.7989] (18448288) ... get_connections (managed=false): return empty list.
Jan 29 04:49:49 cu-cs-vm NetworkManager[811]: <info>  [1548762589.7997] SettingsPlugin-Ofono: (18448512) ... get_connections.
Jan 29 04:49:49 cu-cs-vm NetworkManager[811]: <info>  [1548762589.7997] SettingsPlugin-Ofono: (18448512) connections count: 0
Jan 29 04:49:49 cu-cs-vm NetworkManager[811]: <info>  [1548762589.7998] get unmanaged devices count: 0
Jan 29 04:49:49 cu-cs-vm accounts-daemon[757]: started daemon version 0.6.40
Jan 29 04:49:49 cu-cs-vm systemd[1]: Started Authenticate and Authorize Users to Run Privileged Tasks.
Jan 29 04:49:49 cu-cs-vm systemd[1]: Started OpenBSD Secure Shell server.
Jan 29 04:49:49 cu-cs-vm systemd[1]: Started Accounts Service.
Jan 29 04:49:49 cu-cs-vm systemd[1]: Starting Hostname Service...
Jan 29 04:49:49 cu-cs-vm snapd[819]: 2019/01/29 04:49:49.911368 daemon.go:343: started snapd/2.34.2 (series 16; classic) ubuntu/16.04 (amd64) linux/4.15.18revision1.
Jan 29 04:49:49 cu-cs-vm systemd[1]: Started Snappy daemon.
Jan 29 04:49:49 cu-cs-vm systemd[1]: Starting Wait until snapd is fully seeded...
Jan 29 04:49:49 cu-cs-vm snapd[819]: 2019/01/29 04:49:49.916546 stateengine.go:101: state ensure error: Get https://api.snapcraft.io/api/v1/snaps/sections: dial tcp: lookup api.snapcraft.io on [::1]:53: read udp [::1]:39167->[::1]:53: read: connection refused
Jan 29 04:49:49 cu-cs-vm dbus[777]: [system] Successfully activated service 'org.freedesktop.hostname1'
Jan 29 04:49:49 cu-cs-vm systemd[1]: Started Hostname Service.
Jan 29 04:49:49 cu-cs-vm NetworkManager[811]: <info>  [1548762589.9282] settings: hostname: using hostnamed
Jan 29 04:49:49 cu-cs-vm nm-dispatcher: req:1 'hostname': new request (1 scripts)
Jan 29 04:49:49 cu-cs-vm NetworkManager[811]: <info>  [1548762589.9283] settings: hostname changed from (none) to "cu-cs-vm"
Jan 29 04:49:49 cu-cs-vm nm-dispatcher: req:1 'hostname': start running ordered scripts...
Jan 29 04:49:49 cu-cs-vm NetworkManager[811]: <info>  [1548762589.9285] Using DHCP client 'dhclient'
Jan 29 04:49:49 cu-cs-vm NetworkManager[811]: <info>  [1548762589.9286] manager: WiFi enabled by radio killswitch; enabled by state file
Jan 29 04:49:49 cu-cs-vm NetworkManager[811]: <info>  [1548762589.9286] manager: WWAN enabled by radio killswitch; enabled by state file
Jan 29 04:49:49 cu-cs-vm NetworkManager[811]: <info>  [1548762589.9286] manager: Networking is enabled by state file
Jan 29 04:49:49 cu-cs-vm NetworkManager[811]: <info>  [1548762589.9287] Loaded device plugin: NMVxlanFactory (internal)
Jan 29 04:49:49 cu-cs-vm NetworkManager[811]: <info>  [1548762589.9287] Loaded device plugin: NMVlanFactory (internal)
Jan 29 04:49:49 cu-cs-vm NetworkManager[811]: <info>  [1548762589.9287] Loaded device plugin: NMVethFactory (internal)
Jan 29 04:49:49 cu-cs-vm NetworkManager[811]: <info>  [1548762589.9288] Loaded device plugin: NMTunFactory (internal)
Jan 29 04:49:49 cu-cs-vm NetworkManager[811]: <info>  [1548762589.9288] Loaded device plugin: NMMacvlanFactory (internal)
Jan 29 04:49:49 cu-cs-vm NetworkManager[811]: <info>  [1548762589.9288] Loaded device plugin: NMIPTunnelFactory (internal)
Jan 29 04:49:49 cu-cs-vm NetworkManager[811]: <info>  [1548762589.9288] Loaded device plugin: NMInfinibandFactory (internal)
Jan 29 04:49:49 cu-cs-vm NetworkManager[811]: <info>  [1548762589.9288] Loaded device plugin: NMEthernetFactory (internal)
Jan 29 04:49:49 cu-cs-vm NetworkManager[811]: <info>  [1548762589.9289] Loaded device plugin: NMBridgeFactory (internal)
Jan 29 04:49:49 cu-cs-vm NetworkManager[811]: <info>  [1548762589.9289] Loaded device plugin: NMBondFactory (internal)
Jan 29 04:49:49 cu-cs-vm NetworkManager[811]: <info>  [1548762589.9603] Loaded device plugin: NMBluezManager (/usr/lib/x86_64-linux-gnu/NetworkManager/libnm-device-plugin-bluetooth.so)
Jan 29 04:49:49 cu-cs-vm NetworkManager[811]: <info>  [1548762589.9647] Loaded device plugin: NMAtmManager (/usr/lib/x86_64-linux-gnu/NetworkManager/libnm-device-plugin-adsl.so)
Jan 29 04:49:49 cu-cs-vm NetworkManager[811]: <info>  [1548762589.9673] Loaded device plugin: NMWwanFactory (/usr/lib/x86_64-linux-gnu/NetworkManager/libnm-device-plugin-wwan.so)
Jan 29 04:49:49 cu-cs-vm NetworkManager[811]: <info>  [1548762589.9706] Loaded device plugin: NMWifiFactory (/usr/lib/x86_64-linux-gnu/NetworkManager/libnm-device-plugin-wifi.so)
Jan 29 04:49:49 cu-cs-vm NetworkManager[811]: <info>  [1548762589.9751] manager: (enp0s17): new Ethernet device (/org/freedesktop/NetworkManager/Devices/0)
Jan 29 04:49:49 cu-cs-vm NetworkManager[811]: <info>  [1548762589.9773] keyfile: add connection in-memory (8e150785-c41e-307a-a765-6f019f146c38,"Wired connection 1")
Jan 29 04:49:49 cu-cs-vm NetworkManager[811]: <info>  [1548762589.9821] settings: (enp0s17): created default wired connection 'Wired connection 1'
Jan 29 04:49:49 cu-cs-vm NetworkManager[811]: <info>  [1548762589.9836] device (enp0s17): state change: unmanaged -> unavailable (reason 'managed') [10 20 2]
Jan 29 04:49:49 cu-cs-vm kernel: [   27.376471] IPv6: ADDRCONF(NETDEV_UP): enp0s17: link is not ready
Jan 29 04:49:49 cu-cs-vm kernel: [   27.379462] IPv6: ADDRCONF(NETDEV_UP): enp0s17: link is not ready
Jan 29 04:49:49 cu-cs-vm NetworkManager[811]: nm_device_get_device_type: assertion 'NM_IS_DEVICE (self)' failed
Jan 29 04:49:49 cu-cs-vm NetworkManager[811]: <info>  [1548762589.9882] device (lo): link connected
Jan 29 04:49:49 cu-cs-vm NetworkManager[811]: <info>  [1548762589.9890] manager: (lo): new Generic device (/org/freedesktop/NetworkManager/Devices/1)
Jan 29 04:49:49 cu-cs-vm kernel: [   27.385438] e1000: enp0s17 NIC Link is Up 1000 Mbps Full Duplex, Flow Control: RX
Jan 29 04:49:49 cu-cs-vm kernel: [   27.385839] IPv6: ADDRCONF(NETDEV_CHANGE): enp0s17: link becomes ready
Jan 29 04:49:49 cu-cs-vm NetworkManager[811]: <info>  [1548762589.9973] device (enp0s17): link connected
Jan 29 04:49:50 cu-cs-vm NetworkManager[811]: <info>  [1548762590.0009] urfkill disappeared from the bus
Jan 29 04:49:50 cu-cs-vm NetworkManager[811]: <info>  [1548762590.0012] device (enp0s17): state change: unavailable -> disconnected (reason 'carrier-changed') [20 30 40]
Jan 29 04:49:50 cu-cs-vm NetworkManager[811]: <info>  [1548762590.0035] policy: auto-activating connection 'Wired connection 1'
Jan 29 04:49:50 cu-cs-vm NetworkManager[811]: <info>  [1548762590.0139] device (enp0s17): Activation: starting connection 'Wired connection 1' (8e150785-c41e-307a-a765-6f019f146c38)
Jan 29 04:49:50 cu-cs-vm NetworkManager[811]: <info>  [1548762590.0142] device (enp0s17): state change: disconnected -> prepare (reason 'none') [30 40 0]
Jan 29 04:49:50 cu-cs-vm NetworkManager[811]: <info>  [1548762590.0144] manager: NetworkManager state is now CONNECTING
Jan 29 04:49:50 cu-cs-vm NetworkManager[811]: <info>  [1548762590.0150] device (enp0s17): state change: prepare -> config (reason 'none') [40 50 0]
Jan 29 04:49:50 cu-cs-vm NetworkManager[811]: <info>  [1548762590.0164] device (enp0s17): state change: config -> ip-config (reason 'none') [50 70 0]
Jan 29 04:49:50 cu-cs-vm NetworkManager[811]: <info>  [1548762590.0176] dhcp4 (enp0s17): activation: beginning transaction (timeout in 45 seconds)
Jan 29 04:49:50 cu-cs-vm systemd[1]: Started Wait until snapd is fully seeded.
Jan 29 04:49:50 cu-cs-vm NetworkManager[811]: <info>  [1548762590.1094] dhcp4 (enp0s17): dhclient started with pid 903
Jan 29 04:49:50 cu-cs-vm NetworkManager[811]: <info>  [1548762590.1297] ofono is now available
Jan 29 04:49:50 cu-cs-vm NetworkManager[811]: <warn>  [1548762590.1332] failed to enumerate oFono devices: GDBus.Error:org.freedesktop.DBus.Error.ServiceUnknown: The name org.ofono was not provided by any .service files
Jan 29 04:49:50 cu-cs-vm dhclient[903]: DHCPREQUEST of 10.0.2.15 on enp0s17 to 255.255.255.255 port 67 (xid=0x7b4b4ee)
Jan 29 04:49:50 cu-cs-vm dhclient[903]: DHCPACK of 10.0.2.15 from 10.0.2.2
Jan 29 04:49:50 cu-cs-vm NetworkManager[811]: <info>  [1548762590.1631]   address 10.0.2.15
Jan 29 04:49:50 cu-cs-vm NetworkManager[811]: <info>  [1548762590.1632]   plen 24 (255.255.255.0)
Jan 29 04:49:50 cu-cs-vm NetworkManager[811]: <info>  [1548762590.1632]   gateway 10.0.2.2
Jan 29 04:49:50 cu-cs-vm NetworkManager[811]: <info>  [1548762590.1632]   server identifier 10.0.2.2
Jan 29 04:49:50 cu-cs-vm NetworkManager[811]: <info>  [1548762590.1632]   lease time 86400
Jan 29 04:49:50 cu-cs-vm NetworkManager[811]: <info>  [1548762590.1635]   nameserver '192.168.43.1'
Jan 29 04:49:50 cu-cs-vm NetworkManager[811]: <info>  [1548762590.1636] dhcp4 (enp0s17): state changed unknown -> bound
Jan 29 04:49:50 cu-cs-vm avahi-daemon[756]: Joining mDNS multicast group on interface enp0s17.IPv4 with address 10.0.2.15.
Jan 29 04:49:50 cu-cs-vm avahi-daemon[756]: New relevant interface enp0s17.IPv4 for mDNS.
Jan 29 04:49:50 cu-cs-vm avahi-daemon[756]: Registering new address record for 10.0.2.15 on enp0s17.IPv4.
Jan 29 04:49:50 cu-cs-vm NetworkManager[811]: <info>  [1548762590.1675] device (enp0s17): state change: ip-config -> ip-check (reason 'none') [70 80 0]
Jan 29 04:49:50 cu-cs-vm NetworkManager[811]: <info>  [1548762590.1722] device (enp0s17): state change: ip-check -> secondaries (reason 'none') [80 90 0]
Jan 29 04:49:50 cu-cs-vm NetworkManager[811]: <info>  [1548762590.1733] device (enp0s17): state change: secondaries -> activated (reason 'none') [90 100 0]
Jan 29 04:49:50 cu-cs-vm NetworkManager[811]: <info>  [1548762590.1738] manager: NetworkManager state is now CONNECTED_LOCAL
Jan 29 04:49:50 cu-cs-vm NetworkManager[811]: <info>  [1548762590.1786] manager: NetworkManager state is now CONNECTED_GLOBAL
Jan 29 04:49:50 cu-cs-vm dhclient[903]: bound to 10.0.2.15 -- renewal in 32797 seconds.
Jan 29 04:49:50 cu-cs-vm NetworkManager[811]: <info>  [1548762590.1797] policy: set 'Wired connection 1' (enp0s17) as default for IPv4 routing and DNS
Jan 29 04:49:50 cu-cs-vm NetworkManager[811]: <info>  [1548762590.1802] dns-plugin[0x1188900]: starting dnsmasq...
Jan 29 04:49:50 cu-cs-vm NetworkManager[811]: <info>  [1548762590.2807] dns-mgr: Writing DNS information to /sbin/resolvconf
Jan 29 04:49:50 cu-cs-vm dnsmasq[917]: started, version 2.75 cache disabled
Jan 29 04:49:50 cu-cs-vm dnsmasq[917]: compile time options: IPv6 GNU-getopt DBus i18n IDN DHCP DHCPv6 no-Lua TFTP conntrack ipset auth DNSSEC loop-detect inotify
Jan 29 04:49:50 cu-cs-vm dnsmasq[917]: DBus support enabled: connected to system bus
Jan 29 04:49:50 cu-cs-vm dnsmasq[917]: warning: no upstream servers configured
Jan 29 04:49:50 cu-cs-vm NetworkManager[811]: <info>  [1548762590.5350] device (enp0s17): Activation: successful, device activated.
Jan 29 04:49:50 cu-cs-vm nm-dispatcher: req:2 'up' [enp0s17]: new request (1 scripts)
Jan 29 04:49:50 cu-cs-vm nm-dispatcher: req:2 'up' [enp0s17]: start running ordered scripts...
Jan 29 04:49:50 cu-cs-vm NetworkManager[811]: <info>  [1548762590.5404] dnsmasq[0x1188900]: dnsmasq appeared as :1.22
Jan 29 04:49:50 cu-cs-vm dnsmasq[917]: setting upstream servers from DBus
Jan 29 04:49:50 cu-cs-vm dnsmasq[917]: using nameserver 192.168.43.1#53(via enp0s17)
Jan 29 04:49:50 cu-cs-vm systemd[1]: Reloading OpenBSD Secure Shell server.
Jan 29 04:49:51 cu-cs-vm systemd[1]: Reloaded OpenBSD Secure Shell server.
Jan 29 04:49:51 cu-cs-vm systemd[1]: Reloading OpenBSD Secure Shell server.
Jan 29 04:49:51 cu-cs-vm systemd[1]: Reloaded OpenBSD Secure Shell server.
Jan 29 04:49:51 cu-cs-vm avahi-daemon[756]: Joining mDNS multicast group on interface enp0s17.IPv6 with address fe80::3e3e:89a5:c68:c9f2.
Jan 29 04:49:51 cu-cs-vm avahi-daemon[756]: New relevant interface enp0s17.IPv6 for mDNS.
Jan 29 04:49:51 cu-cs-vm avahi-daemon[756]: Registering new address record for fe80::3e3e:89a5:c68:c9f2 on enp0s17.*.
Jan 29 04:49:53 cu-cs-vm kernel: [   30.812507] vboxsf: Successfully loaded version 6.0.2 (interface 0x00010004)
Jan 29 04:49:53 cu-cs-vm systemd[1]: Started vboxadd.service.
Jan 29 04:49:53 cu-cs-vm systemd[1]: Starting Light Display Manager...
Jan 29 04:49:53 cu-cs-vm systemd[1]: Starting vboxadd-service.service...
Jan 29 04:49:53 cu-cs-vm vboxadd-service[1141]: vboxadd-service.sh: Starting VirtualBox Guest Addition service.
Jan 29 04:49:53 cu-cs-vm vboxadd-service.sh: Starting VirtualBox Guest Addition service.
Jan 29 11:49:54 cu-cs-vm kernel: [   31.148107] 11:49:53.755525 main     VBoxService 6.0.2 r128162 (verbosity: 0) linux.amd64 (Jan 14 2019 15:50:28) release log
Jan 29 11:49:54 cu-cs-vm kernel: [   31.148107] 11:49:53.755528 main     Log opened 2019-01-29T11:49:53.755209000Z
Jan 29 11:49:54 cu-cs-vm kernel: [   31.148144] 11:49:53.755595 main     OS Product: Linux
Jan 29 11:49:54 cu-cs-vm kernel: [   31.148169] 11:49:53.755623 main     OS Release: 4.15.18revision1
Jan 29 11:49:54 cu-cs-vm kernel: [   31.148193] 11:49:53.755647 main     OS Version: #2 SMP Mon Jan 28 22:21:27 MST 2019
Jan 29 11:49:54 cu-cs-vm kernel: [   31.148227] 11:49:53.755671 main     Executable: /opt/VBoxGuestAdditions-6.0.2/sbin/VBoxService
Jan 29 11:49:54 cu-cs-vm kernel: [   31.148227] 11:49:53.755671 main     Process ID: 1154
Jan 29 11:49:54 cu-cs-vm kernel: [   31.148227] 11:49:53.755672 main     Package type: LINUX_64BITS_GENERIC
Jan 29 11:49:54 cu-cs-vm kernel: [   31.148983] 11:49:53.756430 main     6.0.2 r128162 started. Verbose level = 0
Jan 29 11:49:54 cu-cs-vm kernel: [   31.149423] 11:49:53.756866 main     vbglR3GuestCtrlDetectPeekGetCancelSupport: Supported (#1)
Jan 29 11:49:54 cu-cs-vm systemd[1]: Started vboxadd-service.service.
Jan 29 11:49:54 cu-cs-vm vboxadd-service.sh: VirtualBox Guest Addition service started.
Jan 29 11:49:54 cu-cs-vm systemd[1]: Time has been changed
Jan 29 11:49:54 cu-cs-vm systemd[1]: Started Light Display Manager.
Jan 29 11:49:55 cu-cs-vm systemd[1]: Created slice User Slice of user.
Jan 29 11:49:55 cu-cs-vm systemd[1]: Starting User Manager for UID 1000...
Jan 29 11:49:55 cu-cs-vm systemd[1]: Started Session c1 of user user.
Jan 29 11:49:55 cu-cs-vm systemd[1193]: Reached target Sockets.
Jan 29 11:49:55 cu-cs-vm systemd[1193]: Reached target Timers.
Jan 29 11:49:55 cu-cs-vm systemd[1193]: Reached target Paths.
Jan 29 11:49:55 cu-cs-vm systemd[1193]: Reached target Basic System.
Jan 29 11:49:55 cu-cs-vm systemd[1193]: Reached target Default.
Jan 29 11:49:55 cu-cs-vm systemd[1193]: Startup finished in 18ms.
Jan 29 11:49:55 cu-cs-vm systemd[1]: Started User Manager for UID 1000.
Jan 29 11:49:56 cu-cs-vm NetworkManager[811]: <info>  [1548787796.6823] manager: startup complete
Jan 29 11:49:56 cu-cs-vm systemd[1]: Started Network Manager Wait Online.
Jan 29 11:49:56 cu-cs-vm systemd[1]: Reached target Network is Online.
Jan 29 11:49:56 cu-cs-vm systemd[1]: Starting LSB: disk temperature monitoring daemon...
Jan 29 11:49:56 cu-cs-vm systemd[1]: Starting /etc/rc.local Compatibility...
Jan 29 11:49:56 cu-cs-vm systemd[1]: Started crash report submission daemon.
Jan 29 11:49:56 cu-cs-vm systemd[1]: Starting Daily apt download activities...
Jan 29 11:49:56 cu-cs-vm systemd[1]: Started LSB: disk temperature monitoring daemon.
Jan 29 11:49:56 cu-cs-vm systemd[1]: Started /etc/rc.local Compatibility.
Jan 29 11:49:56 cu-cs-vm systemd[1]: Starting Hold until boot process finishes up...
Jan 29 11:49:56 cu-cs-vm systemd[1]: Started Hold until boot process finishes up.
Jan 29 11:49:56 cu-cs-vm systemd[1]: Starting Set console scheme...
Jan 29 11:49:56 cu-cs-vm systemd[1]: Started Getty on tty1.
Jan 29 11:49:56 cu-cs-vm systemd[1]: Reached target Login Prompts.
Jan 29 11:49:56 cu-cs-vm systemd[1]: Reached target Multi-User System.
Jan 29 11:49:56 cu-cs-vm systemd[1]: Reached target Graphical Interface.
Jan 29 11:49:56 cu-cs-vm systemd[1]: Starting Update UTMP about System Runlevel Changes...
Jan 29 11:49:56 cu-cs-vm whoopsie[1407]: [11:49:56] Using lock path: /var/lock/whoopsie/lock
Jan 29 11:49:56 cu-cs-vm systemd[1]: Started Update UTMP about System Runlevel Changes.
Jan 29 11:49:56 cu-cs-vm systemd[1]: Started Set console scheme.
Jan 29 11:49:57 cu-cs-vm whoopsie[1407]: [11:49:57] The default IPv4 route is: /org/freedesktop/NetworkManager/ActiveConnection/0
Jan 29 11:49:57 cu-cs-vm whoopsie[1407]: [11:49:57] Not a paid data plan: /org/freedesktop/NetworkManager/ActiveConnection/0
Jan 29 11:49:57 cu-cs-vm whoopsie[1407]: [11:49:57] Found usable connection: /org/freedesktop/NetworkManager/ActiveConnection/0
Jan 29 11:49:58 cu-cs-vm dbus[777]: [system] Activating via systemd: service name='org.freedesktop.RealtimeKit1' unit='rtkit-daemon.service'
Jan 29 11:49:58 cu-cs-vm systemd[1]: Starting RealtimeKit Scheduling Policy Service...
Jan 29 11:49:58 cu-cs-vm dbus[777]: [system] Successfully activated service 'org.freedesktop.RealtimeKit1'
Jan 29 11:49:58 cu-cs-vm systemd[1]: Started RealtimeKit Scheduling Policy Service.
Jan 29 11:49:58 cu-cs-vm rtkit-daemon[1904]: Successfully called chroot.
Jan 29 11:49:58 cu-cs-vm rtkit-daemon[1904]: Successfully dropped privileges.
Jan 29 11:49:58 cu-cs-vm rtkit-daemon[1904]: Successfully limited resources.
Jan 29 11:49:58 cu-cs-vm rtkit-daemon[1904]: Running.
Jan 29 11:49:58 cu-cs-vm rtkit-daemon[1904]: Watchdog thread running.
Jan 29 11:49:58 cu-cs-vm rtkit-daemon[1904]: Canary thread running.
Jan 29 11:49:58 cu-cs-vm org.a11y.Bus[1338]: ** (process:1908): WARNING **: Failed to register client: GDBus.Error:org.freedesktop.DBus.Error.ServiceUnknown: The name org.gnome.SessionManager was not provided by any .service files
Jan 29 11:49:58 cu-cs-vm org.a11y.Bus[1338]: Activating service name='org.a11y.atspi.Registry'
Jan 29 11:49:58 cu-cs-vm org.a11y.Bus[1338]: Successfully activated service 'org.a11y.atspi.Registry'
Jan 29 11:49:58 cu-cs-vm org.a11y.atspi.Registry[1913]: SpiRegistry daemon is running with well-known name - org.a11y.atspi.Registry
Jan 29 11:49:58 cu-cs-vm rtkit-daemon[1904]: Successfully made thread 1903 of process 1903 (n/a) owned by '1000' high priority at nice level -11.
Jan 29 11:49:58 cu-cs-vm rtkit-daemon[1904]: Supervising 1 threads of 1 processes of 1 users.
Jan 29 11:49:59 cu-cs-vm pulseaudio[1903]: [pulseaudio] alsa-util.c: Disabling timer-based scheduling because running inside a VM.
Jan 29 11:49:59 cu-cs-vm rtkit-daemon[1904]: Supervising 1 threads of 1 processes of 1 users.
Jan 29 11:49:59 cu-cs-vm dbus[777]: [system] Activating via systemd: service name='org.freedesktop.UPower' unit='upower.service'
Jan 29 11:49:59 cu-cs-vm systemd[1]: Starting Daemon for power management...
Jan 29 11:49:59 cu-cs-vm rtkit-daemon[1904]: Successfully made thread 2018 of process 1903 (n/a) owned by '1000' RT at priority 5.
Jan 29 11:49:59 cu-cs-vm rtkit-daemon[1904]: Supervising 2 threads of 1 processes of 1 users.
Jan 29 11:49:59 cu-cs-vm pulseaudio[1903]: [pulseaudio] alsa-util.c: Disabling timer-based scheduling because running inside a VM.
Jan 29 11:49:59 cu-cs-vm rtkit-daemon[1904]: Supervising 2 threads of 1 processes of 1 users.
